###############################################################################
#
# IAR ELF Linker V9.40.2.374/W64 for ARM                  24/Jul/2024  11:41:56
# Copyright 2007-2023 IAR Systems AB.
#
#    Output file  =
#        D:\All_Projects\IAR_Project\SmartCar_19h\project\iar\program\nor_sdram_zf_dtcm\Exe\RT106X.out
#    Map file     =
#        D:\All_Projects\IAR_Project\SmartCar_19h\project\iar\program\nor_sdram_zf_dtcm\List\RT106X.map
#    Command line =
#        -f
#        D:\All_Projects\IAR_Project\SmartCar_19h\project\iar\program\nor_sdram_zf_dtcm\Exe\RT106X.out.rsp
#        (D:\All_Projects\IAR_Project\SmartCar_19h\project\iar\program\nor_sdram_zf_dtcm\Obj\sdk_device_3373403627085545761.dir\board.o
#        D:\All_Projects\IAR_Project\SmartCar_19h\project\iar\program\nor_sdram_zf_dtcm\Obj\code_17896468042025673432.dir\Car_Mot_Ctrl.o
#        D:\All_Projects\IAR_Project\SmartCar_19h\project\iar\program\nor_sdram_zf_dtcm\Obj\sdk_device_3373403627085545761.dir\clock_config.o
#        D:\All_Projects\IAR_Project\SmartCar_19h\project\iar\program\nor_sdram_zf_dtcm\Obj\components_fatfs_6246014242642884545.dir\diskio.o
#        D:\All_Projects\IAR_Project\SmartCar_19h\project\iar\program\nor_sdram_zf_dtcm\Obj\code_17896468042025673432.dir\Encoder.o
#        D:\All_Projects\IAR_Project\SmartCar_19h\project\iar\program\nor_sdram_zf_dtcm\Obj\sdk_device_3373403627085545761.dir\evkmimxrt1064_flexspi_nor_config.o
#        D:\All_Projects\IAR_Project\SmartCar_19h\project\iar\program\nor_sdram_zf_dtcm\Obj\sdk_device_3373403627085545761.dir\evkmimxrt1064_sdram_ini_dcd.o
#        D:\All_Projects\IAR_Project\SmartCar_19h\project\iar\program\nor_sdram_zf_dtcm\Obj\components_fatfs_6246014242642884545.dir\ff.o
#        D:\All_Projects\IAR_Project\SmartCar_19h\project\iar\program\nor_sdram_zf_dtcm\Obj\components_fatfs_6246014242642884545.dir\ffsystem.o
#        D:\All_Projects\IAR_Project\SmartCar_19h\project\iar\program\nor_sdram_zf_dtcm\Obj\components_fatfs_6246014242642884545.dir\ffunicode.o
#        D:\All_Projects\IAR_Project\SmartCar_19h\project\iar\program\nor_sdram_zf_dtcm\Obj\sdk_device_3373403627085545761.dir\fsl_adapter_lpuart.o
#        D:\All_Projects\IAR_Project\SmartCar_19h\project\iar\program\nor_sdram_zf_dtcm\Obj\sdk_drivers_13454894214809048885.dir\fsl_adc.o
#        D:\All_Projects\IAR_Project\SmartCar_19h\project\iar\program\nor_sdram_zf_dtcm\Obj\sdk_drivers_13454894214809048885.dir\fsl_adc_etc.o
#        D:\All_Projects\IAR_Project\SmartCar_19h\project\iar\program\nor_sdram_zf_dtcm\Obj\sdk_drivers_13454894214809048885.dir\fsl_aipstz.o
#        D:\All_Projects\IAR_Project\SmartCar_19h\project\iar\program\nor_sdram_zf_dtcm\Obj\sdk_drivers_13454894214809048885.dir\fsl_aoi.o
#        D:\All_Projects\IAR_Project\SmartCar_19h\project\iar\program\nor_sdram_zf_dtcm\Obj\sdk_device_3373403627085545761.dir\fsl_assert.o
#        D:\All_Projects\IAR_Project\SmartCar_19h\project\iar\program\nor_sdram_zf_dtcm\Obj\sdk_drivers_13454894214809048885.dir\fsl_bee.o
#        D:\All_Projects\IAR_Project\SmartCar_19h\project\iar\program\nor_sdram_zf_dtcm\Obj\sdk_drivers_13454894214809048885.dir\fsl_cache.o
#        D:\All_Projects\IAR_Project\SmartCar_19h\project\iar\program\nor_sdram_zf_dtcm\Obj\sdk_drivers_13454894214809048885.dir\fsl_clock.o
#        D:\All_Projects\IAR_Project\SmartCar_19h\project\iar\program\nor_sdram_zf_dtcm\Obj\sdk_drivers_13454894214809048885.dir\fsl_cmp.o
#        D:\All_Projects\IAR_Project\SmartCar_19h\project\iar\program\nor_sdram_zf_dtcm\Obj\sdk_drivers_13454894214809048885.dir\fsl_common.o
#        D:\All_Projects\IAR_Project\SmartCar_19h\project\iar\program\nor_sdram_zf_dtcm\Obj\sdk_drivers_13454894214809048885.dir\fsl_common_arm.o
#        D:\All_Projects\IAR_Project\SmartCar_19h\project\iar\program\nor_sdram_zf_dtcm\Obj\sdk_device_3373403627085545761.dir\fsl_component_generic_list.o
#        D:\All_Projects\IAR_Project\SmartCar_19h\project\iar\program\nor_sdram_zf_dtcm\Obj\sdk_drivers_13454894214809048885.dir\fsl_csi.o
#        D:\All_Projects\IAR_Project\SmartCar_19h\project\iar\program\nor_sdram_zf_dtcm\Obj\sdk_drivers_13454894214809048885.dir\fsl_dcdc.o
#        D:\All_Projects\IAR_Project\SmartCar_19h\project\iar\program\nor_sdram_zf_dtcm\Obj\sdk_drivers_13454894214809048885.dir\fsl_dcp.o
#        D:\All_Projects\IAR_Project\SmartCar_19h\project\iar\program\nor_sdram_zf_dtcm\Obj\sdk_device_3373403627085545761.dir\fsl_debug_console.o
#        D:\All_Projects\IAR_Project\SmartCar_19h\project\iar\program\nor_sdram_zf_dtcm\Obj\sdk_drivers_13454894214809048885.dir\fsl_dmamux.o
#        D:\All_Projects\IAR_Project\SmartCar_19h\project\iar\program\nor_sdram_zf_dtcm\Obj\sdk_drivers_13454894214809048885.dir\fsl_edma.o
#        D:\All_Projects\IAR_Project\SmartCar_19h\project\iar\program\nor_sdram_zf_dtcm\Obj\sdk_drivers_13454894214809048885.dir\fsl_elcdif.o
#        D:\All_Projects\IAR_Project\SmartCar_19h\project\iar\program\nor_sdram_zf_dtcm\Obj\sdk_drivers_13454894214809048885.dir\fsl_enc.o
#        D:\All_Projects\IAR_Project\SmartCar_19h\project\iar\program\nor_sdram_zf_dtcm\Obj\sdk_drivers_13454894214809048885.dir\fsl_enet.o
#        D:\All_Projects\IAR_Project\SmartCar_19h\project\iar\program\nor_sdram_zf_dtcm\Obj\sdk_drivers_13454894214809048885.dir\fsl_ewm.o
#        D:\All_Projects\IAR_Project\SmartCar_19h\project\iar\program\nor_sdram_zf_dtcm\Obj\sdk_drivers_13454894214809048885.dir\fsl_flexcan.o
#        D:\All_Projects\IAR_Project\SmartCar_19h\project\iar\program\nor_sdram_zf_dtcm\Obj\sdk_drivers_13454894214809048885.dir\fsl_flexcan_edma.o
#        D:\All_Projects\IAR_Project\SmartCar_19h\project\iar\program\nor_sdram_zf_dtcm\Obj\sdk_drivers_13454894214809048885.dir\fsl_flexio.o
#        D:\All_Projects\IAR_Project\SmartCar_19h\project\iar\program\nor_sdram_zf_dtcm\Obj\sdk_drivers_13454894214809048885.dir\fsl_flexio_camera.o
#        D:\All_Projects\IAR_Project\SmartCar_19h\project\iar\program\nor_sdram_zf_dtcm\Obj\sdk_drivers_13454894214809048885.dir\fsl_flexio_camera_edma.o
#        D:\All_Projects\IAR_Project\SmartCar_19h\project\iar\program\nor_sdram_zf_dtcm\Obj\sdk_drivers_13454894214809048885.dir\fsl_flexio_i2c_master.o
#        D:\All_Projects\IAR_Project\SmartCar_19h\project\iar\program\nor_sdram_zf_dtcm\Obj\sdk_drivers_13454894214809048885.dir\fsl_flexio_i2s.o
#        D:\All_Projects\IAR_Project\SmartCar_19h\project\iar\program\nor_sdram_zf_dtcm\Obj\sdk_drivers_13454894214809048885.dir\fsl_flexio_i2s_edma.o
#        D:\All_Projects\IAR_Project\SmartCar_19h\project\iar\program\nor_sdram_zf_dtcm\Obj\sdk_drivers_13454894214809048885.dir\fsl_flexio_mculcd.o
#        D:\All_Projects\IAR_Project\SmartCar_19h\project\iar\program\nor_sdram_zf_dtcm\Obj\sdk_drivers_13454894214809048885.dir\fsl_flexio_mculcd_edma.o
#        D:\All_Projects\IAR_Project\SmartCar_19h\project\iar\program\nor_sdram_zf_dtcm\Obj\sdk_drivers_13454894214809048885.dir\fsl_flexio_spi.o
#        D:\All_Projects\IAR_Project\SmartCar_19h\project\iar\program\nor_sdram_zf_dtcm\Obj\sdk_drivers_13454894214809048885.dir\fsl_flexio_spi_edma.o
#        D:\All_Projects\IAR_Project\SmartCar_19h\project\iar\program\nor_sdram_zf_dtcm\Obj\sdk_drivers_13454894214809048885.dir\fsl_flexio_uart.o
#        D:\All_Projects\IAR_Project\SmartCar_19h\project\iar\program\nor_sdram_zf_dtcm\Obj\sdk_drivers_13454894214809048885.dir\fsl_flexio_uart_edma.o
#        D:\All_Projects\IAR_Project\SmartCar_19h\project\iar\program\nor_sdram_zf_dtcm\Obj\sdk_drivers_13454894214809048885.dir\fsl_flexram.o
#        D:\All_Projects\IAR_Project\SmartCar_19h\project\iar\program\nor_sdram_zf_dtcm\Obj\sdk_drivers_13454894214809048885.dir\fsl_flexram_allocate.o
#        D:\All_Projects\IAR_Project\SmartCar_19h\project\iar\program\nor_sdram_zf_dtcm\Obj\sdk_drivers_13454894214809048885.dir\fsl_flexspi.o
#        D:\All_Projects\IAR_Project\SmartCar_19h\project\iar\program\nor_sdram_zf_dtcm\Obj\sdk_drivers_13454894214809048885.dir\fsl_flexspi_edma.o
#        D:\All_Projects\IAR_Project\SmartCar_19h\project\iar\program\nor_sdram_zf_dtcm\Obj\sdk_device_3373403627085545761.dir\fsl_flexspi_nor_boot.o
#        D:\All_Projects\IAR_Project\SmartCar_19h\project\iar\program\nor_sdram_zf_dtcm\Obj\sdk_drivers_13454894214809048885.dir\fsl_gpc.o
#        D:\All_Projects\IAR_Project\SmartCar_19h\project\iar\program\nor_sdram_zf_dtcm\Obj\sdk_drivers_13454894214809048885.dir\fsl_gpio.o
#        D:\All_Projects\IAR_Project\SmartCar_19h\project\iar\program\nor_sdram_zf_dtcm\Obj\sdk_drivers_13454894214809048885.dir\fsl_gpt.o
#        D:\All_Projects\IAR_Project\SmartCar_19h\project\iar\program\nor_sdram_zf_dtcm\Obj\sdk_drivers_13454894214809048885.dir\fsl_kpp.o
#        D:\All_Projects\IAR_Project\SmartCar_19h\project\iar\program\nor_sdram_zf_dtcm\Obj\sdk_drivers_13454894214809048885.dir\fsl_lpi2c.o
#        D:\All_Projects\IAR_Project\SmartCar_19h\project\iar\program\nor_sdram_zf_dtcm\Obj\sdk_drivers_13454894214809048885.dir\fsl_lpi2c_edma.o
#        D:\All_Projects\IAR_Project\SmartCar_19h\project\iar\program\nor_sdram_zf_dtcm\Obj\sdk_drivers_13454894214809048885.dir\fsl_lpspi.o
#        D:\All_Projects\IAR_Project\SmartCar_19h\project\iar\program\nor_sdram_zf_dtcm\Obj\sdk_drivers_13454894214809048885.dir\fsl_lpspi_edma.o
#        D:\All_Projects\IAR_Project\SmartCar_19h\project\iar\program\nor_sdram_zf_dtcm\Obj\sdk_drivers_13454894214809048885.dir\fsl_lpuart.o
#        D:\All_Projects\IAR_Project\SmartCar_19h\project\iar\program\nor_sdram_zf_dtcm\Obj\sdk_drivers_13454894214809048885.dir\fsl_lpuart_edma.o
#        D:\All_Projects\IAR_Project\SmartCar_19h\project\iar\program\nor_sdram_zf_dtcm\Obj\sdk_drivers_13454894214809048885.dir\fsl_ocotp.o
#        D:\All_Projects\IAR_Project\SmartCar_19h\project\iar\program\nor_sdram_zf_dtcm\Obj\sdk_device_3373403627085545761.dir\fsl_os_abstraction_bm.o
#        D:\All_Projects\IAR_Project\SmartCar_19h\project\iar\program\nor_sdram_zf_dtcm\Obj\sdk_drivers_13454894214809048885.dir\fsl_pit.o
#        D:\All_Projects\IAR_Project\SmartCar_19h\project\iar\program\nor_sdram_zf_dtcm\Obj\sdk_drivers_13454894214809048885.dir\fsl_pmu.o
#        D:\All_Projects\IAR_Project\SmartCar_19h\project\iar\program\nor_sdram_zf_dtcm\Obj\sdk_drivers_13454894214809048885.dir\fsl_pwm.o
#        D:\All_Projects\IAR_Project\SmartCar_19h\project\iar\program\nor_sdram_zf_dtcm\Obj\sdk_drivers_13454894214809048885.dir\fsl_pxp.o
#        D:\All_Projects\IAR_Project\SmartCar_19h\project\iar\program\nor_sdram_zf_dtcm\Obj\sdk_drivers_13454894214809048885.dir\fsl_qtmr.o
#        D:\All_Projects\IAR_Project\SmartCar_19h\project\iar\program\nor_sdram_zf_dtcm\Obj\sdk_drivers_13454894214809048885.dir\fsl_romapi.o
#        D:\All_Projects\IAR_Project\SmartCar_19h\project\iar\program\nor_sdram_zf_dtcm\Obj\sdk_drivers_13454894214809048885.dir\fsl_rtwdog.o
#        D:\All_Projects\IAR_Project\SmartCar_19h\project\iar\program\nor_sdram_zf_dtcm\Obj\sdk_drivers_13454894214809048885.dir\fsl_sai.o
#        D:\All_Projects\IAR_Project\SmartCar_19h\project\iar\program\nor_sdram_zf_dtcm\Obj\sdk_drivers_13454894214809048885.dir\fsl_sai_edma.o
#        D:\All_Projects\IAR_Project\SmartCar_19h\project\iar\program\nor_sdram_zf_dtcm\Obj\components_sdmmc_11335736203712880765.dir\fsl_sd.o
#        D:\All_Projects\IAR_Project\SmartCar_19h\project\iar\program\nor_sdram_zf_dtcm\Obj\components_fatfs_6246014242642884545.dir\fsl_sd_disk.o
#        D:\All_Projects\IAR_Project\SmartCar_19h\project\iar\program\nor_sdram_zf_dtcm\Obj\components_sdmmc_11335736203712880765.dir\fsl_sdmmc_common.o
#        D:\All_Projects\IAR_Project\SmartCar_19h\project\iar\program\nor_sdram_zf_dtcm\Obj\components_sdmmc_11335736203712880765.dir\fsl_sdmmc_host.o
#        D:\All_Projects\IAR_Project\SmartCar_19h\project\iar\program\nor_sdram_zf_dtcm\Obj\components_sdmmc_11335736203712880765.dir\fsl_sdmmc_osa.o
#        D:\All_Projects\IAR_Project\SmartCar_19h\project\iar\program\nor_sdram_zf_dtcm\Obj\sdk_drivers_13454894214809048885.dir\fsl_semc.o
#        D:\All_Projects\IAR_Project\SmartCar_19h\project\iar\program\nor_sdram_zf_dtcm\Obj\sdk_drivers_13454894214809048885.dir\fsl_snvs_hp.o
#        D:\All_Projects\IAR_Project\SmartCar_19h\project\iar\program\nor_sdram_zf_dtcm\Obj\sdk_drivers_13454894214809048885.dir\fsl_snvs_lp.o
#        D:\All_Projects\IAR_Project\SmartCar_19h\project\iar\program\nor_sdram_zf_dtcm\Obj\sdk_drivers_13454894214809048885.dir\fsl_spdif.o
#        D:\All_Projects\IAR_Project\SmartCar_19h\project\iar\program\nor_sdram_zf_dtcm\Obj\sdk_drivers_13454894214809048885.dir\fsl_spdif_edma.o
#        D:\All_Projects\IAR_Project\SmartCar_19h\project\iar\program\nor_sdram_zf_dtcm\Obj\sdk_drivers_13454894214809048885.dir\fsl_src.o
#        D:\All_Projects\IAR_Project\SmartCar_19h\project\iar\program\nor_sdram_zf_dtcm\Obj\sdk_drivers_13454894214809048885.dir\fsl_tempmon.o
#        D:\All_Projects\IAR_Project\SmartCar_19h\project\iar\program\nor_sdram_zf_dtcm\Obj\sdk_drivers_13454894214809048885.dir\fsl_trng.o
#        D:\All_Projects\IAR_Project\SmartCar_19h\project\iar\program\nor_sdram_zf_dtcm\Obj\sdk_drivers_13454894214809048885.dir\fsl_tsc.o
#        D:\All_Projects\IAR_Project\SmartCar_19h\project\iar\program\nor_sdram_zf_dtcm\Obj\sdk_drivers_13454894214809048885.dir\fsl_usdhc.o
#        D:\All_Projects\IAR_Project\SmartCar_19h\project\iar\program\nor_sdram_zf_dtcm\Obj\sdk_drivers_13454894214809048885.dir\fsl_wdog.o
#        D:\All_Projects\IAR_Project\SmartCar_19h\project\iar\program\nor_sdram_zf_dtcm\Obj\sdk_drivers_13454894214809048885.dir\fsl_xbara.o
#        D:\All_Projects\IAR_Project\SmartCar_19h\project\iar\program\nor_sdram_zf_dtcm\Obj\sdk_drivers_13454894214809048885.dir\fsl_xbarb.o
#        D:\All_Projects\IAR_Project\SmartCar_19h\project\iar\program\nor_sdram_zf_dtcm\Obj\user_c_11930989646151335152.dir\isr.o
#        D:\All_Projects\IAR_Project\SmartCar_19h\project\iar\program\nor_sdram_zf_dtcm\Obj\user_c_11930989646151335152.dir\main.o
#        D:\All_Projects\IAR_Project\SmartCar_19h\project\iar\program\nor_sdram_zf_dtcm\Obj\components_sdmmc_11335736203712880765.dir\sdmmc_config.o
#        D:\All_Projects\IAR_Project\SmartCar_19h\project\iar\program\nor_sdram_zf_dtcm\Obj\zf_components_14936052685886095442.dir\seekfree_assistant.o
#        D:\All_Projects\IAR_Project\SmartCar_19h\project\iar\program\nor_sdram_zf_dtcm\Obj\zf_components_14936052685886095442.dir\seekfree_assistant_interface.o
#        D:\All_Projects\IAR_Project\SmartCar_19h\project\iar\program\nor_sdram_zf_dtcm\Obj\code_17896468042025673432.dir\Servo_CTRL.o
#        D:\All_Projects\IAR_Project\SmartCar_19h\project\iar\program\nor_sdram_zf_dtcm\Obj\sdk_device_3373403627085545761.dir\startup_MIMXRT1064.o
#        D:\All_Projects\IAR_Project\SmartCar_19h\project\iar\program\nor_sdram_zf_dtcm\Obj\code_17896468042025673432.dir\sys_init.o
#        D:\All_Projects\IAR_Project\SmartCar_19h\project\iar\program\nor_sdram_zf_dtcm\Obj\sdk_device_3373403627085545761.dir\system_MIMXRT1064.o
#        D:\All_Projects\IAR_Project\SmartCar_19h\project\iar\program\nor_sdram_zf_dtcm\Obj\code_17896468042025673432.dir\tft_display.o
#        D:\All_Projects\IAR_Project\SmartCar_19h\project\iar\program\nor_sdram_zf_dtcm\Obj\code_17896468042025673432.dir\Trace.o
#        D:\All_Projects\IAR_Project\SmartCar_19h\project\iar\program\nor_sdram_zf_dtcm\Obj\code_17896468042025673432.dir\Usart.o
#        D:\All_Projects\IAR_Project\SmartCar_19h\project\iar\program\nor_sdram_zf_dtcm\Obj\components_usb_17375887477349322284.dir\usb_device_cdc_acm.o
#        D:\All_Projects\IAR_Project\SmartCar_19h\project\iar\program\nor_sdram_zf_dtcm\Obj\components_usb_17375887477349322284.dir\usb_device_ch9.o
#        D:\All_Projects\IAR_Project\SmartCar_19h\project\iar\program\nor_sdram_zf_dtcm\Obj\components_usb_17375887477349322284.dir\usb_device_class.o
#        D:\All_Projects\IAR_Project\SmartCar_19h\project\iar\program\nor_sdram_zf_dtcm\Obj\components_usb_17375887477349322284.dir\usb_device_dci.o
#        D:\All_Projects\IAR_Project\SmartCar_19h\project\iar\program\nor_sdram_zf_dtcm\Obj\components_usb_17375887477349322284.dir\usb_device_descriptor.o
#        D:\All_Projects\IAR_Project\SmartCar_19h\project\iar\program\nor_sdram_zf_dtcm\Obj\components_usb_17375887477349322284.dir\usb_device_ehci.o
#        D:\All_Projects\IAR_Project\SmartCar_19h\project\iar\program\nor_sdram_zf_dtcm\Obj\components_usb_17375887477349322284.dir\usb_phy.o
#        D:\All_Projects\IAR_Project\SmartCar_19h\project\iar\program\nor_sdram_zf_dtcm\Obj\zf_common_1201165462030747823.dir\zf_common_clock.o
#        D:\All_Projects\IAR_Project\SmartCar_19h\project\iar\program\nor_sdram_zf_dtcm\Obj\zf_common_1201165462030747823.dir\zf_common_debug.o
#        D:\All_Projects\IAR_Project\SmartCar_19h\project\iar\program\nor_sdram_zf_dtcm\Obj\zf_common_1201165462030747823.dir\zf_common_fifo.o
#        D:\All_Projects\IAR_Project\SmartCar_19h\project\iar\program\nor_sdram_zf_dtcm\Obj\zf_common_1201165462030747823.dir\zf_common_font.o
#        D:\All_Projects\IAR_Project\SmartCar_19h\project\iar\program\nor_sdram_zf_dtcm\Obj\zf_common_1201165462030747823.dir\zf_common_function.o
#        D:\All_Projects\IAR_Project\SmartCar_19h\project\iar\program\nor_sdram_zf_dtcm\Obj\zf_common_1201165462030747823.dir\zf_common_interrupt.o
#        D:\All_Projects\IAR_Project\SmartCar_19h\project\iar\program\nor_sdram_zf_dtcm\Obj\zf_common_1201165462030747823.dir\zf_common_vector.o
#        D:\All_Projects\IAR_Project\SmartCar_19h\project\iar\program\nor_sdram_zf_dtcm\Obj\zf_device_6570275422786408770.dir\zf_device_absolute_encoder.o
#        D:\All_Projects\IAR_Project\SmartCar_19h\project\iar\program\nor_sdram_zf_dtcm\Obj\zf_device_6570275422786408770.dir\zf_device_bluetooth_ch9141.o
#        D:\All_Projects\IAR_Project\SmartCar_19h\project\iar\program\nor_sdram_zf_dtcm\Obj\zf_device_6570275422786408770.dir\zf_device_camera.o
#        D:\All_Projects\IAR_Project\SmartCar_19h\project\iar\program\nor_sdram_zf_dtcm\Obj\zf_device_6570275422786408770.dir\zf_device_dl1a.o
#        D:\All_Projects\IAR_Project\SmartCar_19h\project\iar\program\nor_sdram_zf_dtcm\Obj\zf_device_6570275422786408770.dir\zf_device_dl1b.o
#        D:\All_Projects\IAR_Project\SmartCar_19h\project\iar\program\nor_sdram_zf_dtcm\Obj\zf_device_6570275422786408770.dir\zf_device_gnss.o
#        D:\All_Projects\IAR_Project\SmartCar_19h\project\iar\program\nor_sdram_zf_dtcm\Obj\zf_device_6570275422786408770.dir\zf_device_icm20602.o
#        D:\All_Projects\IAR_Project\SmartCar_19h\project\iar\program\nor_sdram_zf_dtcm\Obj\zf_device_6570275422786408770.dir\zf_device_imu660ra.o
#        D:\All_Projects\IAR_Project\SmartCar_19h\project\iar\program\nor_sdram_zf_dtcm\Obj\zf_device_6570275422786408770.dir\zf_device_imu963ra.o
#        D:\All_Projects\IAR_Project\SmartCar_19h\project\iar\program\nor_sdram_zf_dtcm\Obj\zf_device_6570275422786408770.dir\zf_device_ips114.o
#        D:\All_Projects\IAR_Project\SmartCar_19h\project\iar\program\nor_sdram_zf_dtcm\Obj\zf_device_6570275422786408770.dir\zf_device_ips200.o
#        D:\All_Projects\IAR_Project\SmartCar_19h\project\iar\program\nor_sdram_zf_dtcm\Obj\zf_device_6570275422786408770.dir\zf_device_key.o
#        D:\All_Projects\IAR_Project\SmartCar_19h\project\iar\program\nor_sdram_zf_dtcm\Obj\zf_device_6570275422786408770.dir\zf_device_mpu6050.o
#        D:\All_Projects\IAR_Project\SmartCar_19h\project\iar\program\nor_sdram_zf_dtcm\Obj\zf_device_6570275422786408770.dir\zf_device_mt9v03x.o
#        D:\All_Projects\IAR_Project\SmartCar_19h\project\iar\program\nor_sdram_zf_dtcm\Obj\zf_device_6570275422786408770.dir\zf_device_mt9v03x_flexio.o
#        D:\All_Projects\IAR_Project\SmartCar_19h\project\iar\program\nor_sdram_zf_dtcm\Obj\zf_device_6570275422786408770.dir\zf_device_oled.o
#        D:\All_Projects\IAR_Project\SmartCar_19h\project\iar\program\nor_sdram_zf_dtcm\Obj\zf_device_6570275422786408770.dir\zf_device_ov7725.o
#        D:\All_Projects\IAR_Project\SmartCar_19h\project\iar\program\nor_sdram_zf_dtcm\Obj\zf_device_6570275422786408770.dir\zf_device_scc8660.o
#        D:\All_Projects\IAR_Project\SmartCar_19h\project\iar\program\nor_sdram_zf_dtcm\Obj\zf_device_6570275422786408770.dir\zf_device_scc8660_flexio.o
#        D:\All_Projects\IAR_Project\SmartCar_19h\project\iar\program\nor_sdram_zf_dtcm\Obj\zf_device_6570275422786408770.dir\zf_device_tft180.o
#        D:\All_Projects\IAR_Project\SmartCar_19h\project\iar\program\nor_sdram_zf_dtcm\Obj\zf_device_6570275422786408770.dir\zf_device_tsl1401.o
#        D:\All_Projects\IAR_Project\SmartCar_19h\project\iar\program\nor_sdram_zf_dtcm\Obj\zf_device_6570275422786408770.dir\zf_device_type.o
#        D:\All_Projects\IAR_Project\SmartCar_19h\project\iar\program\nor_sdram_zf_dtcm\Obj\zf_device_6570275422786408770.dir\zf_device_virtual_oscilloscope.o
#        D:\All_Projects\IAR_Project\SmartCar_19h\project\iar\program\nor_sdram_zf_dtcm\Obj\zf_device_6570275422786408770.dir\zf_device_wifi_spi.o
#        D:\All_Projects\IAR_Project\SmartCar_19h\project\iar\program\nor_sdram_zf_dtcm\Obj\zf_device_6570275422786408770.dir\zf_device_wifi_uart.o
#        D:\All_Projects\IAR_Project\SmartCar_19h\project\iar\program\nor_sdram_zf_dtcm\Obj\zf_device_6570275422786408770.dir\zf_device_wireless_uart.o
#        D:\All_Projects\IAR_Project\SmartCar_19h\project\iar\program\nor_sdram_zf_dtcm\Obj\zf_driver_11922370083829174090.dir\zf_driver_adc.o
#        D:\All_Projects\IAR_Project\SmartCar_19h\project\iar\program\nor_sdram_zf_dtcm\Obj\zf_driver_11922370083829174090.dir\zf_driver_csi.o
#        D:\All_Projects\IAR_Project\SmartCar_19h\project\iar\program\nor_sdram_zf_dtcm\Obj\zf_driver_11922370083829174090.dir\zf_driver_delay.o
#        D:\All_Projects\IAR_Project\SmartCar_19h\project\iar\program\nor_sdram_zf_dtcm\Obj\zf_driver_11922370083829174090.dir\zf_driver_encoder.o
#        D:\All_Projects\IAR_Project\SmartCar_19h\project\iar\program\nor_sdram_zf_dtcm\Obj\zf_driver_11922370083829174090.dir\zf_driver_exti.o
#        D:\All_Projects\IAR_Project\SmartCar_19h\project\iar\program\nor_sdram_zf_dtcm\Obj\zf_driver_11922370083829174090.dir\zf_driver_flash.o
#        D:\All_Projects\IAR_Project\SmartCar_19h\project\iar\program\nor_sdram_zf_dtcm\Obj\zf_driver_11922370083829174090.dir\zf_driver_flexio_csi.o
#        D:\All_Projects\IAR_Project\SmartCar_19h\project\iar\program\nor_sdram_zf_dtcm\Obj\zf_driver_11922370083829174090.dir\zf_driver_gpio.o
#        D:\All_Projects\IAR_Project\SmartCar_19h\project\iar\program\nor_sdram_zf_dtcm\Obj\zf_driver_11922370083829174090.dir\zf_driver_iic.o
#        D:\All_Projects\IAR_Project\SmartCar_19h\project\iar\program\nor_sdram_zf_dtcm\Obj\zf_driver_11922370083829174090.dir\zf_driver_pit.o
#        D:\All_Projects\IAR_Project\SmartCar_19h\project\iar\program\nor_sdram_zf_dtcm\Obj\zf_driver_11922370083829174090.dir\zf_driver_pwm.o
#        D:\All_Projects\IAR_Project\SmartCar_19h\project\iar\program\nor_sdram_zf_dtcm\Obj\zf_driver_11922370083829174090.dir\zf_driver_romapi.o
#        D:\All_Projects\IAR_Project\SmartCar_19h\project\iar\program\nor_sdram_zf_dtcm\Obj\zf_driver_11922370083829174090.dir\zf_driver_sdio.o
#        D:\All_Projects\IAR_Project\SmartCar_19h\project\iar\program\nor_sdram_zf_dtcm\Obj\zf_driver_11922370083829174090.dir\zf_driver_soft_iic.o
#        D:\All_Projects\IAR_Project\SmartCar_19h\project\iar\program\nor_sdram_zf_dtcm\Obj\zf_driver_11922370083829174090.dir\zf_driver_soft_spi.o
#        D:\All_Projects\IAR_Project\SmartCar_19h\project\iar\program\nor_sdram_zf_dtcm\Obj\zf_driver_11922370083829174090.dir\zf_driver_spi.o
#        D:\All_Projects\IAR_Project\SmartCar_19h\project\iar\program\nor_sdram_zf_dtcm\Obj\zf_driver_11922370083829174090.dir\zf_driver_timer.o
#        D:\All_Projects\IAR_Project\SmartCar_19h\project\iar\program\nor_sdram_zf_dtcm\Obj\zf_driver_11922370083829174090.dir\zf_driver_uart.o
#        D:\All_Projects\IAR_Project\SmartCar_19h\project\iar\program\nor_sdram_zf_dtcm\Obj\zf_driver_11922370083829174090.dir\zf_driver_usb_cdc.o
#        --no_out_extension -o
#        D:\All_Projects\IAR_Project\SmartCar_19h\project\iar\program\nor_sdram_zf_dtcm\Exe\RT106X.out
#        --map
#        D:\All_Projects\IAR_Project\SmartCar_19h\project\iar\program\nor_sdram_zf_dtcm\List\RT106X.map
#        --config
#        D:\All_Projects\IAR_Project\SmartCar_19h\project\iar\program\..\..\IAR\icf\MIMXRT1064xxxxx_flexspi_nor.icf
#        --semihosting
#        D:\All_Projects\IAR_Project\SmartCar_19h\project\iar\program\..\..\..\libraries\zf_device\zf_device_config.a
#        --entry __iar_program_start --vfe --text_out locale --cpu=Cortex-M7
#        --fpu=VFPv5_d16) --dependencies=n
#        D:\All_Projects\IAR_Project\SmartCar_19h\project\iar\program\nor_sdram_zf_dtcm\Exe\RT106X.out.iar_deps
#
###############################################################################

*******************************************************************************
*** RUNTIME MODEL ATTRIBUTES
***

CppFlavor       = *
__CPP_Runtime   = 1
__Heap_Handler  = Basic
__SystemLibrary = DLib
__dlib_version  = 6


*******************************************************************************
*** HEAP SELECTION
***

The basic heap was selected because --advanced_heap
was not specified and the application did not appear to
be primarily optimized for speed.


*******************************************************************************
*** PLACEMENT SUMMARY
***

"A0":  place at address 0x7000'2000 { ro section .intvec };
"A2":  place at address 0x7000'0000 { section .boot_hdr.conf };
"A3":  place at address 0x7000'1000 { section .boot_hdr.ivt };
"A4":  place at address 0x7000'1020 { ro section .boot_hdr.boot_data };
"A5":  place at address 0x7000'1030 { ro section .boot_hdr.dcd_data };
"P1":  place in [from 0x7000'2000 to 0x7000'23ff] |
                [from 0x7000'2400 to 0x703f'ffff] { ro };
define block RW { first rw, section m_usb_dma_init_data };
"P2":  place in [from 0x8000'0000 to 0x8000'03ff] |
                [from 0x8000'0400 to 0x81df'ffff] { block RW };
define block SDRAM_VAR
   with alignment = 8 { section SDRAM_CACHE, section SDRAM_CACHE.init };
"P11": place in [from 0x8000'0000 to 0x8000'03ff] |
                [from 0x8000'0400 to 0x81df'ffff] { block SDRAM_VAR };
define block ZI
   with alignment = 32 { first zi, section m_usb_dma_noninit_data };
"P3":  place in [from 0x2000'0000 to 0x2006'efff] { block ZI };
"P4":  place in [from 0x2000'0000 to 0x2006'efff] { section .data };
"P5":  place in [from 0x2000'0000 to 0x2006'efff] { section .textrw };
define block DTCM_VAR
   with alignment = 8 { section NonCacheable, section NonCacheable.init };
"P9":  place in [from 0x2000'0000 to 0x2006'efff] { block DTCM_VAR };
define block CSTACK with size = 4K, alignment = 8 { };
"P7":  place in [from 0x2006'f000 to 0x2006'ffff] { block CSTACK };
initialize by copy { rw, section .textrw };
initialize by copy { ro }
   except {
      ro section .intvec, ro object system_MIMXRT1064.o,
      ro object startup_MIMXRT1064.o, section .boot_hdr.conf,
      section .boot_hdr.ivt, section .boot_hdr.boot_data,
      section .boot_hdr.dcd_data };
keep {
   section .boot_hdr.conf, section .boot_hdr.ivt, section .boot_hdr.boot_data,
   section .boot_hdr.dcd_data };

No sections matched the following patterns:

  section .intvec_RAM              in "A1"
  section .textrw                  in "P3-P5|P9"
  section ITCM_NonCacheable        in block ITCM_VAR
  section ITCM_NonCacheable.init   in block ITCM_VAR
  section NonCacheable.init        in block DTCM_VAR
  section OCRAM_CACHE              in block OCRAM_VAR
  section OCRAM_CACHE.init         in block OCRAM_VAR
  section SDRAM_CACHE              in block SDRAM_VAR
  section SDRAM_CACHE.init         in block SDRAM_VAR
  section SDRAM_NonCacheable       in block SDRAM_NCACHE_VAR
  section SDRAM_NonCacheable.init  in block SDRAM_NCACHE_VAR
  section m_usb_dma_init_data      in block RW
  section m_usb_dma_noninit_data   in block ZI


  Section              Kind         Address    Size  Object
  -------              ----         -------    ----  ------
"P3-P5|P9", part 1 of 2:                      0x12b
  P3-P5|P9 s0                   0x2000'0000   0x12b  <Init block>
    .data              inited   0x2000'0000    0x34  Usart.o [1]
    .data              inited   0x2000'0034    0x2c  zf_driver_gpio.o [11]
    .data              inited   0x2000'0060    0x28  zf_device_mt9v03x.o [10]
    .data              inited   0x2000'0088    0x24  zf_device_mt9v03x.o [10]
    .data              inited   0x2000'00ac    0x24  zf_driver_uart.o [11]
    .data              inited   0x2000'00d0    0x14  zf_driver_encoder.o [11]
    .data              inited   0x2000'00e4    0x14  zf_driver_pwm.o [11]
    .data              inited   0x2000'00f8     0x4  Car_Mot_Ctrl.o [1]
    .data              inited   0x2000'00fc     0x4  Encoder.o [1]
    .data              inited   0x2000'0100     0x4  Encoder.o [1]
    .data              inited   0x2000'0104     0x4  Encoder.o [1]
    .data              inited   0x2000'0108     0x4  system_MIMXRT1064.o [5]
    .data              inited   0x2000'010c     0x4  zf_common_clock.o [8]
    .data              inited   0x2000'0110     0x4  zf_device_type.o [10]
    .data              inited   0x2000'0114     0x4  zf_device_type.o [10]
    .data              inited   0x2000'0118     0x4  zf_device_type.o [10]
    .data              inited   0x2000'011c     0x4  zf_device_type.o [10]
    .data              inited   0x2000'0120     0x4  zf_device_type.o [10]
    .data              inited   0x2000'0124     0x2  Trace.o [1]
    .data              inited   0x2000'0126     0x1  Car_Mot_Ctrl.o [1]
    .data              inited   0x2000'0127     0x1  sys_init.o [1]
    .data              inited   0x2000'0128     0x1  Trace.o [1]
    .data              inited   0x2000'0129     0x1  zf_common_debug.o [8]
    .data              inited   0x2000'012a     0x1  zf_device_mt9v03x.o [10]
                              - 0x2000'012b   0x12b

"P3-P5|P9", part 2 of 2:                     0xf180
  ZI                            0x2000'0140  0x80f8  <Block>
    .bss               zero     0x2000'0140    0x40  Car_Mot_Ctrl.o [1]
    .bss               zero     0x2000'0180    0x10  Car_Mot_Ctrl.o [1]
    .bss               zero     0x2000'0190    0xa0  Car_Mot_Ctrl.o [1]
    .bss               zero     0x2000'0230    0xa0  Car_Mot_Ctrl.o [1]
    .bss               zero     0x2000'02d0    0xa0  Car_Mot_Ctrl.o [1]
    .bss               zero     0x2000'0370    0x50  Encoder.o [1]
    .bss               zero     0x2000'03c0    0x40  Encoder.o [1]
    .bss               zero     0x2000'0400     0x4  fsl_clock.o [6]
    .bss               zero     0x2000'0404     0x4  fsl_clock.o [6]
    .bss               zero     0x2000'0408     0x4  fsl_csi.o [6]
    .bss               zero     0x2000'040c     0x4  fsl_csi.o [6]
    .bss               zero     0x2000'0410    0x14  fsl_debug_console.o [5]
    .bss               zero     0x2000'0424    0x80  fsl_edma.o [6]
    .bss               zero     0x2000'04a4     0x8  fsl_enet.o [6]
    .bss               zero     0x2000'04ac     0x8  fsl_enet.o [6]
    .bss               zero     0x2000'04b4     0x8  fsl_enet.o [6]
    .bss               zero     0x2000'04bc     0x8  fsl_enet.o [6]
    .bss               zero     0x2000'04c4     0x8  fsl_enet.o [6]
    .bss               zero     0x2000'04cc     0x8  fsl_enet.o [6]
    .bss               zero     0x2000'04d4    0x10  fsl_flexcan.o [6]
    .bss               zero     0x2000'04e4     0x4  fsl_flexcan.o [6]
    .bss               zero     0x2000'04e8     0x8  fsl_flexio.o [6]
    .bss               zero     0x2000'04f0     0x8  fsl_flexio.o [6]
    .bss               zero     0x2000'04f8     0x8  fsl_flexio.o [6]
    .bss               zero     0x2000'0500     0x4  fsl_lpi2c.o [6]
    .bss               zero     0x2000'0504    0x14  fsl_lpi2c.o [6]
    .bss               zero     0x2000'0518     0x4  fsl_lpi2c.o [6]
    .bss               zero     0x2000'051c    0x14  fsl_lpi2c.o [6]
    .bss               zero     0x2000'0530    0x14  fsl_lpspi.o [6]
    .bss               zero     0x2000'0544     0x4  fsl_lpspi.o [6]
    .bss               zero     0x2000'0548     0x4  fsl_lpspi.o [6]
    .bss               zero     0x2000'054c    0x24  fsl_lpuart.o [6]
    .bss               zero     0x2000'0570     0x4  fsl_lpuart.o [6]
    .bss               zero     0x2000'0574    0x20  fsl_sai.o [6]
    .bss               zero     0x2000'0594     0x4  fsl_sai.o [6]
    .bss               zero     0x2000'0598     0x4  fsl_sai.o [6]
    .bss               zero     0x2000'059c     0x8  fsl_spdif.o [6]
    .bss               zero     0x2000'05a4     0x4  fsl_spdif.o [6]
    .bss               zero     0x2000'05a8     0x4  fsl_spdif.o [6]
    .bss               zero     0x2000'05ac     0xc  fsl_usdhc.o [6]
    .bss               zero     0x2000'05b8     0x4  fsl_usdhc.o [6]
    .bss               zero     0x2000'05bc     0x4  main.o [7]
    .bss               zero     0x2000'05c0     0x4  main.o [7]
    .bss               zero     0x2000'05c4     0x4  Servo_CTRL.o [1]
    .bss               zero     0x2000'05c8  0x3840  Trace.o [1]
    .bss               zero     0x2000'3e08  0x3840  Trace.o [1]
    .bss               zero     0x2000'7648   0x168  Trace.o [1]
    .bss               zero     0x2000'77b0   0x168  Trace.o [1]
    .bss               zero     0x2000'7918   0x168  Trace.o [1]
    .bss               zero     0x2000'7a80   0x168  Trace.o [1]
    .bss               zero     0x2000'7be8   0x280  Trace.o [1]
    .bss               zero     0x2000'7e68     0x4  Trace.o [1]
    .bss               zero     0x2000'7e6c     0x4  Trace.o [1]
    .bss               zero     0x2000'7e70     0x4  Trace.o [1]
    .bss               zero     0x2000'7e74     0x4  Trace.o [1]
    .bss               zero     0x2000'7e78     0x4  Trace.o [1]
    .bss               zero     0x2000'7e7c     0x4  Trace.o [1]
    .bss               zero     0x2000'7e80     0x4  Trace.o [1]
    .bss               zero     0x2000'7e84     0x8  Trace.o [1]
    .bss               zero     0x2000'7e8c     0x8  Trace.o [1]
    .bss               zero     0x2000'7e94   0x168  Trace.o [1]
    .bss               zero     0x2000'7ffc   0x168  Trace.o [1]
    .bss               zero     0x2000'8164     0x8  Usart.o [1]
    .bss               zero     0x2000'816c     0x4  Usart.o [1]
    .bss               zero     0x2000'8170     0x4  Usart.o [1]
    .bss               zero     0x2000'8174    0x14  zf_common_debug.o [8]
    .bss               zero     0x2000'8188     0x4  zf_common_interrupt.o [8]
    .bss               zero     0x2000'818c    0x18  zf_device_camera.o [10]
    .bss               zero     0x2000'81a4     0x8  zf_device_camera.o [10]
    .bss               zero     0x2000'81ac     0x4  zf_device_mt9v03x.o [10]
    .bss               zero     0x2000'81b0    0x38  zf_driver_csi.o [11]
    .bss               zero     0x2000'81e8    0x10  zf_driver_usb_cdc.o [11]
    .bss               zero     0x2000'81f8    0x14  zf_device_config.o [16]
    .bss               zero     0x2000'820c    0x10  zf_device_config.o [16]
    .bss               zero     0x2000'821c     0x4  zf_device_config.o [16]
    .bss               zero     0x2000'8220     0x4  zf_device_config.o [16]
    .bss               zero     0x2000'8224     0x2  zf_device_mt9v03x.o [10]
    .bss               zero     0x2000'8226     0x1  Car_Mot_Ctrl.o [1]
    .bss               zero     0x2000'8227     0x1  main.o [7]
    .bss               zero     0x2000'8228     0x1  main.o [7]
    .bss               zero     0x2000'8229     0x1  main.o [7]
    .bss               zero     0x2000'822a     0x1  main.o [7]
    .bss               zero     0x2000'822b     0x1  Trace.o [1]
    .bss               zero     0x2000'822c     0x1  Usart.o [1]
    .bss               zero     0x2000'822d     0x1  Usart.o [1]
    .bss               zero     0x2000'822e     0x1  Usart.o [1]
    .bss               zero     0x2000'822f     0x1  Usart.o [1]
    .bss               zero     0x2000'8230     0x1  zf_common_debug.o [8]
    .bss               zero     0x2000'8231     0x1  zf_common_debug.o [8]
    .bss               zero     0x2000'8232     0x1  zf_device_mt9v03x.o [10]
    .bss               zero     0x2000'8233     0x1  zf_device_type.o [10]
    .bss               zero     0x2000'8234     0x1  zf_driver_pit.o [11]
  DTCM_VAR                      0x2000'8240  0x7088  <Block>
    NonCacheable       zero     0x2000'8240  0x3840  zf_device_mt9v03x.o [10]
    NonCacheable       zero     0x2000'ba80  0x3840  zf_device_mt9v03x.o [10]
                              - 0x2000'f2c0  0xf180

"P7":                                        0x1000
  CSTACK                        0x2006'f000  0x1000  <Block>
    CSTACK             uninit   0x2006'f000  0x1000  <Block tail>
                              - 0x2007'0000  0x1000

"A2":                                         0x200
  .boot_hdr.conf       const    0x7000'0000   0x200  evkmimxrt1064_flexspi_nor_config.o [5]
                              - 0x7000'0200   0x200

"A3":                                          0x20
  .boot_hdr.ivt        const    0x7000'1000    0x20  fsl_flexspi_nor_boot.o [5]
                              - 0x7000'1020    0x20

"A4":                                          0x10
  .boot_hdr.boot_data  const    0x7000'1020    0x10  fsl_flexspi_nor_boot.o [5]
                              - 0x7000'1030    0x10

"A5":                                         0x410
  .boot_hdr.dcd_data   const    0x7000'1030   0x410  evkmimxrt1064_sdram_ini_dcd.o [5]
                              - 0x7000'1440   0x410

"A0":                                         0x440
  .intvec              const    0x7000'2000   0x400  zf_common_vector.o [8]
  .intvec              ro code  0x7000'2400    0x40  vector_table_M.o [14]
                              - 0x7000'2440   0x440

"P1":                                        0x88fc
  .text                ro code  0x7000'2440   0x1f8  lz77_init.o [14]
  .text                ro code  0x7000'2638     0x6  abort.o [12]
  .text                ro code  0x7000'2640    0x14  exit.o [15]
  .text                ro code  0x7000'2654   0x124  system_MIMXRT1064.o [5]
  .text                ro code  0x7000'2778     0x2  system_MIMXRT1064.o [5]
  .text                ro code  0x7000'277c    0x6c  startup_MIMXRT1064.o [5]
  .text                ro code  0x7000'27e8    0x38  zero_init3.o [14]
  .text                ro code  0x7000'2820    0x28  data_init.o [14]
  .text                ro code  0x7000'2848    0x22  fpinit_M.o [13]
  .iar.init_table      const    0x7000'286c    0x50  - Linker created -
  Veneer               ro code  0x7000'28bc     0x8  - Linker created -
  Veneer               ro code  0x7000'28c4     0x8  - Linker created -
  .text                ro code  0x7000'28cc    0x1e  cmain.o [14]
  .text                ro code  0x7000'28ea     0x4  low_level_init.o [12]
  .text                ro code  0x7000'28f0    0x1c  cstartup_M.o [14]
  .rodata              const    0x7000'290c     0x0  zero_init3.o [14]
  .rodata              const    0x7000'290c     0x0  lz77_init.o [14]
  Initializer bytes    const    0x7000'290c  0x8354  <for rw-1>
  Initializer bytes    const    0x7000'ac60    0xdc  <for P3-P5|P9 s0>
                              - 0x7000'ad3c  0x88fc

"P2|P11":                                    0xc908
  RW                            0x8000'0400  0xc908  <Block>
    rw-1                        0x8000'0400  0xc908  <Init block>
      .rodata          inited   0x8000'0400   0x420  pow64.o [13]
      .rodata          inited   0x8000'0820    0x18  clock_config.o [5]
      .rodata          inited   0x8000'0838    0x4c  clock_config.o [5]
      .rodata          inited   0x8000'0884    0x10  clock_config.o [5]
      .rodata          inited   0x8000'0894     0x8  clock_config.o [5]
      .rodata          inited   0x8000'089c    0x2c  fsl_assert.o [5]
      .rodata          inited   0x8000'08c8    0x10  fsl_clock.o [6]
      .rodata          inited   0x8000'08d8    0x4c  fsl_clock.o [6]
      .rodata          inited   0x8000'0924    0x10  fsl_clock.o [6]
      .rodata          inited   0x8000'0934    0x10  fsl_csi.o [6]
      .rodata          inited   0x8000'0944    0x4c  fsl_csi.o [6]
      .rodata          inited   0x8000'0990    0x3c  fsl_csi.o [6]
      .rodata          inited   0x8000'09cc    0x48  fsl_csi.o [6]
      .rodata          inited   0x8000'0a14     0xc  fsl_csi.o [6]
      .rodata          inited   0x8000'0a20     0xc  fsl_csi.o [6]
      .rodata          inited   0x8000'0a2c     0x4  fsl_csi.o [6]
      .rodata          inited   0x8000'0a30    0x4c  fsl_edma.o [6]
      .rodata          inited   0x8000'0a7c    0x1c  fsl_edma.o [6]
      .rodata          inited   0x8000'0a98     0xc  fsl_edma.o [6]
      .rodata          inited   0x8000'0aa4    0x3c  fsl_enet.o [6]
      .rodata          inited   0x8000'0ae0    0x4c  fsl_enet.o [6]
      .rodata          inited   0x8000'0b2c     0x8  fsl_enet.o [6]
      .rodata          inited   0x8000'0b34    0x4c  fsl_flexcan.o [6]
      .rodata          inited   0x8000'0b80    0x18  fsl_flexcan.o [6]
      .rodata          inited   0x8000'0b98    0x18  fsl_flexcan.o [6]
      .rodata          inited   0x8000'0bb0    0x18  fsl_flexcan.o [6]
      .rodata          inited   0x8000'0bc8    0x10  fsl_gpio.o [6]
      .rodata          inited   0x8000'0bd8    0x4c  fsl_gpio.o [6]
      .rodata          inited   0x8000'0c24    0x3c  fsl_gpio.o [6]
      .rodata          inited   0x8000'0c60    0x4c  fsl_gpio.o [6]
      .rodata          inited   0x8000'0cac     0xc  fsl_gpio.o [6]
      .rodata          inited   0x8000'0cb8    0x2c  fsl_gpio.o [6]
      .rodata          inited   0x8000'0ce4     0xc  fsl_gpio.o [6]
      .rodata          inited   0x8000'0cf0    0x10  fsl_gpt.o [6]
      .rodata          inited   0x8000'0d00    0x4c  fsl_gpt.o [6]
      .rodata          inited   0x8000'0d4c    0x1c  fsl_gpt.o [6]
      .rodata          inited   0x8000'0d68    0x48  fsl_gpt.o [6]
      .rodata          inited   0x8000'0db0    0x3c  fsl_gpt.o [6]
      .rodata          inited   0x8000'0dec    0x48  fsl_gpt.o [6]
      .rodata          inited   0x8000'0e34    0x10  fsl_gpt.o [6]
      .rodata          inited   0x8000'0e44     0xc  fsl_gpt.o [6]
      .rodata          inited   0x8000'0e50     0xc  fsl_gpt.o [6]
      .rodata          inited   0x8000'0e5c     0x8  fsl_gpt.o [6]
      .rodata          inited   0x8000'0e64    0x4c  fsl_lpspi.o [6]
      .rodata          inited   0x8000'0eb0    0x18  fsl_lpspi.o [6]
      .rodata          inited   0x8000'0ec8    0x18  fsl_lpspi.o [6]
      .rodata          inited   0x8000'0ee0    0x18  fsl_lpspi.o [6]
      .rodata          inited   0x8000'0ef8    0x18  fsl_lpspi.o [6]
      .rodata          inited   0x8000'0f10    0x10  fsl_lpuart.o [6]
      .rodata          inited   0x8000'0f20    0x4c  fsl_lpuart.o [6]
      .rodata          inited   0x8000'0f6c    0x40  fsl_lpuart.o [6]
      .rodata          inited   0x8000'0fac    0x4c  fsl_lpuart.o [6]
      .rodata          inited   0x8000'0ff8     0xc  fsl_lpuart.o [6]
      .rodata          inited   0x8000'1004     0xc  fsl_lpuart.o [6]
      .rodata          inited   0x8000'1010    0x1c  fsl_lpuart.o [6]
      .rodata          inited   0x8000'102c    0x28  fsl_lpuart.o [6]
      .rodata          inited   0x8000'1054    0x28  fsl_lpuart.o [6]
      .rodata          inited   0x8000'107c    0x24  fsl_lpuart.o [6]
      .rodata          inited   0x8000'10a0    0x14  fsl_lpuart.o [6]
      .rodata          inited   0x8000'10b4    0x10  fsl_pit.o [6]
      .rodata          inited   0x8000'10c4    0x4c  fsl_pit.o [6]
      .rodata          inited   0x8000'1110    0x3c  fsl_pit.o [6]
      .rodata          inited   0x8000'114c    0x48  fsl_pit.o [6]
      .rodata          inited   0x8000'1194     0xc  fsl_pit.o [6]
      .rodata          inited   0x8000'11a0     0x4  fsl_pit.o [6]
      .rodata          inited   0x8000'11a4    0x10  fsl_pwm.o [6]
      .rodata          inited   0x8000'11b4    0x4c  fsl_pwm.o [6]
      .rodata          inited   0x8000'1200    0x3c  fsl_pwm.o [6]
      .rodata          inited   0x8000'123c    0x48  fsl_pwm.o [6]
      .rodata          inited   0x8000'1284     0x8  fsl_pwm.o [6]
      .rodata          inited   0x8000'128c     0xc  fsl_pwm.o [6]
      .rodata          inited   0x8000'1298     0xc  fsl_pwm.o [6]
      .rodata          inited   0x8000'12a4     0xc  fsl_pwm.o [6]
      .rodata          inited   0x8000'12b0     0xc  fsl_pwm.o [6]
      .rodata          inited   0x8000'12bc    0x1c  fsl_pwm.o [6]
      .rodata          inited   0x8000'12d8    0x14  fsl_pwm.o [6]
      .rodata          inited   0x8000'12ec    0x28  fsl_pwm.o [6]
      .rodata          inited   0x8000'1314    0x10  fsl_qtmr.o [6]
      .rodata          inited   0x8000'1324    0x4c  fsl_qtmr.o [6]
      .rodata          inited   0x8000'1370    0x3c  fsl_qtmr.o [6]
      .rodata          inited   0x8000'13ac    0x4c  fsl_qtmr.o [6]
      .rodata          inited   0x8000'13f8     0xc  fsl_qtmr.o [6]
      .rodata          inited   0x8000'1404    0x14  fsl_qtmr.o [6]
      .rodata          inited   0x8000'1418     0xc  fsl_qtmr.o [6]
      .rodata          inited   0x8000'1424    0x48  fsl_sai.o [6]
      .rodata          inited   0x8000'146c    0x18  fsl_sai.o [6]
      .rodata          inited   0x8000'1484    0x18  fsl_sai.o [6]
      .rodata          inited   0x8000'149c     0xc  fsl_usdhc.o [6]
      .rodata          inited   0x8000'14a8    0x5c  Trace.o [1]
      .rodata          inited   0x8000'1504     0xc  zf_common_debug.o [8]
      .rodata          inited   0x8000'1510    0x10  zf_common_debug.o [8]
      .rodata          inited   0x8000'1520     0xc  zf_common_debug.o [8]
      .rodata          inited   0x8000'152c    0x1c  zf_common_debug.o [8]
      .rodata          inited   0x8000'1548    0x18  zf_common_debug.o [8]
      .rodata          inited   0x8000'1560    0x10  zf_common_debug.o [8]
      .rodata          inited   0x8000'1570     0xc  zf_common_debug.o [8]
      .rodata          inited   0x8000'157c    0x50  zf_common_fifo.o [8]
      .rodata          inited   0x8000'15cc    0x1c  zf_device_mt9v03x.o [10]
      .rodata          inited   0x8000'15e8    0x54  zf_device_mt9v03x.o [10]
      .rodata          inited   0x8000'163c    0x1c  zf_device_mt9v03x.o [10]
      .rodata          inited   0x8000'1658    0x18  zf_driver_csi.o [11]
      .rodata          inited   0x8000'1670    0x4c  zf_driver_csi.o [11]
      .rodata          inited   0x8000'16bc    0x50  zf_driver_csi.o [11]
      .rodata          inited   0x8000'170c    0x28  zf_driver_delay.o [11]
      .rodata          inited   0x8000'1734    0x48  zf_driver_delay.o [11]
      .rodata          inited   0x8000'177c    0x54  zf_driver_encoder.o [11]
      .rodata          inited   0x8000'17d0     0xc  zf_driver_gpio.o [11]
      .rodata          inited   0x8000'17dc    0x4c  zf_driver_gpio.o [11]
      .rodata          inited   0x8000'1828     0xc  zf_driver_pit.o [11]
      .rodata          inited   0x8000'1834    0x48  zf_driver_pit.o [11]
      .rodata          inited   0x8000'187c     0xc  zf_driver_pit.o [11]
      .rodata          inited   0x8000'1888    0x50  zf_driver_pwm.o [11]
      .rodata          inited   0x8000'18d8    0x54  zf_driver_soft_iic.o [11]
      .rodata          inited   0x8000'192c    0x50  zf_driver_uart.o [11]
      .text            inited   0x8000'197c   0x2ac  board.o [5]
      .text            inited   0x8000'1c28   0x474  Car_Mot_Ctrl.o [1]
      .text            inited   0x8000'209c   0x6f8  clock_config.o [5]
      .text            inited   0x8000'2794    0xfe  Encoder.o [1]
      .text            inited   0x8000'2894    0x1c  fsl_assert.o [5]
      .text            inited   0x8000'28b0   0x820  fsl_clock.o [6]
      .text            inited   0x8000'30d0   0x668  fsl_csi.o [6]
      .text            inited   0x8000'3738   0xb2c  fsl_debug_console.o [5]
      .text            inited   0x8000'4264   0x4d0  fsl_edma.o [6]
      .text            inited   0x8000'4734   0x150  fsl_enet.o [6]
      .text            inited   0x8000'4884    0xa4  fsl_flexcan.o [6]
      .text            inited   0x8000'4928    0x68  fsl_flexio.o [6]
      .text            inited   0x8000'4990   0x216  fsl_gpio.o [6]
      .text            inited   0x8000'4ba8   0x24c  fsl_gpt.o [6]
      .text            inited   0x8000'4df4    0x94  fsl_lpi2c.o [6]
      .text            inited   0x8000'4e88    0xf4  fsl_lpspi.o [6]
      .text            inited   0x8000'4f7c   0x55c  fsl_lpuart.o [6]
      .text            inited   0x8000'54d8   0x164  fsl_pit.o [6]
      .text            inited   0x8000'563c   0xb28  fsl_pwm.o [6]
      .text            inited   0x8000'6164   0x1e4  fsl_qtmr.o [6]
      .text            inited   0x8000'6348   0x148  fsl_sai.o [6]
      .text            inited   0x8000'6490    0x48  fsl_spdif.o [6]
      .text            inited   0x8000'64d8    0x38  fsl_usdhc.o [6]
      .text            inited   0x8000'6510   0x254  isr.o [7]
      .text            inited   0x8000'6764   0x1c0  main.o [7]
      .text            inited   0x8000'6924   0x2fc  Servo_CTRL.o [1]
      .text            inited   0x8000'6c20   0x2d0  sys_init.o [1]
      .text            inited   0x8000'6ef0   0x7e0  Trace.o [1]
      .text            inited   0x8000'76d0   0x280  Usart.o [1]
      .text            inited   0x8000'7950   0x176  usb_device_dci.o [4]
      .text            inited   0x8000'7ac8   0x5d0  usb_device_ehci.o [4]
      .text            inited   0x8000'8098    0x20  zf_common_clock.o [8]
      .text            inited   0x8000'80b8   0x4fc  zf_common_debug.o [8]
      .text            inited   0x8000'85b4   0x41c  zf_common_fifo.o [8]
      .text            inited   0x8000'89d0    0xc4  zf_common_interrupt.o [8]
      .text            inited   0x8000'8a94    0x1c  zf_device_camera.o [10]
      .text            inited   0x8000'8ab0   0x3b8  zf_device_mt9v03x.o [10]
      .text            inited   0x8000'8e68    0x2c  zf_device_type.o [10]
      .text            inited   0x8000'8e94   0x478  zf_driver_csi.o [11]
      .text            inited   0x8000'930c   0x104  zf_driver_delay.o [11]
      .text            inited   0x8000'9410   0x5be  zf_driver_encoder.o [11]
      .text            inited   0x8000'99d0   0x308  zf_driver_gpio.o [11]
      .text            inited   0x8000'9cd8   0x1a0  zf_driver_pit.o [11]
      .text            inited   0x8000'9e78   0x90c  zf_driver_pwm.o [11]
      .text            inited   0x8000'a784   0x658  zf_driver_soft_iic.o [11]
      .text            inited   0x8000'addc   0x5f4  zf_driver_uart.o [11]
      .text            inited   0x8000'b3d0    0x20  zf_driver_usb_cdc.o [11]
      .text            inited   0x8000'b3f0   0x6ac  zf_device_config.o [16]
      .text            inited   0x8000'ba9c    0x2e  fmax.o [13]
      .text            inited   0x8000'bacc    0xa6  ABImemcpy.o [14]
      .text            inited   0x8000'bb74    0x66  ABImemset.o [14]
      .text            inited   0x8000'bbdc   0x274  I64DivMod.o [14]
      .text            inited   0x8000'be50    0x66  DblToS64.o [13]
      .text            inited   0x8000'beb8    0x54  S64ToDbl.o [13]
      .text            inited   0x8000'bf0c    0x9e  modf.o [13]
      .text            inited   0x8000'bfac   0x510  pow64.o [13]
      .text            inited   0x8000'c4bc    0x36  strlen.o [14]
      .text            inited   0x8000'c4f4    0x40  sprintf.o [12]
      .text            inited   0x8000'c534     0x2  I64DivZer.o [14]
      .text            inited   0x8000'c538   0x2c0  iar_Exp64.o [13]
      .text            inited   0x8000'c7f8    0x7c  frexp.o [13]
      .text            inited   0x8000'c874    0xf0  ldexp.o [13]
      Veneer           inited   0x8000'c964     0x8  - Linker created -
      .text            inited   0x8000'c96c     0xa  cexit.o [14]
      .rodata          inited   0x8000'c976     0x2  fsl_csi.o [6]
      .rodata          inited   0x8000'c978     0x2  fsl_csi.o [6]
      .rodata          inited   0x8000'c97a     0x2  fsl_pit.o [6]
      .text            inited   0x8000'c97c    0x10  zf_common_vector.o [8]
      .text            inited   0x8000'c98c     0x2  zf_common_vector.o [8]
      .text            inited   0x8000'c98e     0x8  zf_common_vector.o [8]
      .text            inited   0x8000'c996     0x8  zf_common_vector.o [8]
      .text            inited   0x8000'c99e     0x8  zf_common_vector.o [8]
      .text            inited   0x8000'c9a6     0x8  zf_common_vector.o [8]
      .text            inited   0x8000'c9ae     0x8  zf_common_vector.o [8]
      .text            inited   0x8000'c9b6     0x8  zf_common_vector.o [8]
      .text            inited   0x8000'c9be     0x8  zf_common_vector.o [8]
      .text            inited   0x8000'c9c6     0x8  zf_common_vector.o [8]
      .text            inited   0x8000'c9ce     0x8  zf_common_vector.o [8]
      .text            inited   0x8000'c9d6     0x8  zf_common_vector.o [8]
      .text            inited   0x8000'c9de     0x8  zf_common_vector.o [8]
      .text            inited   0x8000'c9e6     0x8  zf_common_vector.o [8]
      .text            inited   0x8000'c9ee     0x8  zf_common_vector.o [8]
      .text            inited   0x8000'c9f6     0x8  zf_common_vector.o [8]
      .text            inited   0x8000'c9fe     0x8  zf_common_vector.o [8]
      .text            inited   0x8000'ca06     0x8  zf_common_vector.o [8]
      .text            inited   0x8000'ca0e     0x8  zf_common_vector.o [8]
      .text            inited   0x8000'ca16     0x2  zf_common_vector.o [8]
      .text            inited   0x8000'ca18     0x2  zf_common_vector.o [8]
      .text            inited   0x8000'ca1a     0x2  zf_common_vector.o [8]
      .text            inited   0x8000'ca1c     0x8  zf_common_vector.o [8]
      .text            inited   0x8000'ca24     0x8  zf_common_vector.o [8]
      .text            inited   0x8000'ca2c     0x8  zf_common_vector.o [8]
      .text            inited   0x8000'ca34     0x8  zf_common_vector.o [8]
      .text            inited   0x8000'ca3c     0x8  zf_common_vector.o [8]
      .text            inited   0x8000'ca44     0x8  zf_common_vector.o [8]
      .text            inited   0x8000'ca4c     0x8  zf_common_vector.o [8]
      .text            inited   0x8000'ca54     0x8  zf_common_vector.o [8]
      .text            inited   0x8000'ca5c     0x8  zf_common_vector.o [8]
      .text            inited   0x8000'ca64     0x8  zf_common_vector.o [8]
      .text            inited   0x8000'ca6c     0x8  zf_common_vector.o [8]
      .text            inited   0x8000'ca74     0x2  zf_common_vector.o [8]
      .text            inited   0x8000'ca76     0x2  zf_common_vector.o [8]
      .text            inited   0x8000'ca78     0x2  zf_common_vector.o [8]
      .text            inited   0x8000'ca7a     0x2  zf_common_vector.o [8]
      .text            inited   0x8000'ca7c     0x2  zf_common_vector.o [8]
      .text            inited   0x8000'ca7e     0x2  zf_common_vector.o [8]
      .text            inited   0x8000'ca80     0x2  zf_common_vector.o [8]
      .text            inited   0x8000'ca82     0x2  zf_common_vector.o [8]
      .text            inited   0x8000'ca84     0x2  zf_common_vector.o [8]
      .text            inited   0x8000'ca86     0x2  zf_common_vector.o [8]
      .text            inited   0x8000'ca88     0x2  zf_common_vector.o [8]
      .text            inited   0x8000'ca8a     0x2  zf_common_vector.o [8]
      .text            inited   0x8000'ca8c     0x2  zf_common_vector.o [8]
      .text            inited   0x8000'ca8e     0x2  zf_common_vector.o [8]
      .text            inited   0x8000'ca90     0x2  zf_common_vector.o [8]
      .text            inited   0x8000'ca92     0x2  zf_common_vector.o [8]
      .text            inited   0x8000'ca94     0x2  zf_common_vector.o [8]
      .text            inited   0x8000'ca96     0x8  zf_common_vector.o [8]
      .text            inited   0x8000'ca9e     0x8  zf_common_vector.o [8]
      .text            inited   0x8000'caa6     0x8  zf_common_vector.o [8]
      .text            inited   0x8000'caae     0x8  zf_common_vector.o [8]
      .text            inited   0x8000'cab6     0x8  zf_common_vector.o [8]
      .text            inited   0x8000'cabe     0x2  zf_common_vector.o [8]
      .text            inited   0x8000'cac0     0x2  zf_common_vector.o [8]
      .text            inited   0x8000'cac2     0x2  zf_common_vector.o [8]
      .text            inited   0x8000'cac4     0x2  zf_common_vector.o [8]
      .text            inited   0x8000'cac6     0x2  zf_common_vector.o [8]
      .text            inited   0x8000'cac8     0x2  zf_common_vector.o [8]
      .text            inited   0x8000'caca     0x2  zf_common_vector.o [8]
      .text            inited   0x8000'cacc     0x2  zf_common_vector.o [8]
      .text            inited   0x8000'cace     0x2  zf_common_vector.o [8]
      .text            inited   0x8000'cad0     0x2  zf_common_vector.o [8]
      .text            inited   0x8000'cad2     0x2  zf_common_vector.o [8]
      .text            inited   0x8000'cad4     0x2  zf_common_vector.o [8]
      .text            inited   0x8000'cad6     0x2  zf_common_vector.o [8]
      .text            inited   0x8000'cad8     0x2  zf_common_vector.o [8]
      .text            inited   0x8000'cada     0x2  zf_common_vector.o [8]
      .text            inited   0x8000'cadc     0x2  zf_common_vector.o [8]
      .text            inited   0x8000'cade     0x2  zf_common_vector.o [8]
      .text            inited   0x8000'cae0     0x2  zf_common_vector.o [8]
      .text            inited   0x8000'cae2     0x2  zf_common_vector.o [8]
      .text            inited   0x8000'cae4     0x2  zf_common_vector.o [8]
      .text            inited   0x8000'cae6     0x2  zf_common_vector.o [8]
      .text            inited   0x8000'cae8     0x2  zf_common_vector.o [8]
      .text            inited   0x8000'caea     0x2  zf_common_vector.o [8]
      .text            inited   0x8000'caec     0x2  zf_common_vector.o [8]
      .text            inited   0x8000'caee     0x8  zf_common_vector.o [8]
      .text            inited   0x8000'caf6     0x8  zf_common_vector.o [8]
      .text            inited   0x8000'cafe     0x2  zf_common_vector.o [8]
      .text            inited   0x8000'cb00     0x2  zf_common_vector.o [8]
      .text            inited   0x8000'cb02     0x2  zf_common_vector.o [8]
      .text            inited   0x8000'cb04     0x2  zf_common_vector.o [8]
      .text            inited   0x8000'cb06     0x2  zf_common_vector.o [8]
      .text            inited   0x8000'cb08     0x2  zf_common_vector.o [8]
      .text            inited   0x8000'cb0a     0x2  zf_common_vector.o [8]
      .text            inited   0x8000'cb0c     0x2  zf_common_vector.o [8]
      .text            inited   0x8000'cb0e     0x2  zf_common_vector.o [8]
      .text            inited   0x8000'cb10     0x2  zf_common_vector.o [8]
      .text            inited   0x8000'cb12     0x2  zf_common_vector.o [8]
      .text            inited   0x8000'cb14     0x2  zf_common_vector.o [8]
      .text            inited   0x8000'cb16     0x2  zf_common_vector.o [8]
      .text            inited   0x8000'cb18     0x2  zf_common_vector.o [8]
      .text            inited   0x8000'cb1a     0x2  zf_common_vector.o [8]
      .text            inited   0x8000'cb1c     0x8  zf_common_vector.o [8]
      .text            inited   0x8000'cb24     0x8  zf_common_vector.o [8]
      .text            inited   0x8000'cb2c     0x2  zf_common_vector.o [8]
      .text            inited   0x8000'cb2e     0x8  zf_common_vector.o [8]
      .text            inited   0x8000'cb36     0x8  zf_common_vector.o [8]
      .text            inited   0x8000'cb3e     0x8  zf_common_vector.o [8]
      .text            inited   0x8000'cb46     0x8  zf_common_vector.o [8]
      .text            inited   0x8000'cb4e     0x2  zf_common_vector.o [8]
      .text            inited   0x8000'cb50     0x2  zf_common_vector.o [8]
      .text            inited   0x8000'cb52     0x2  zf_common_vector.o [8]
      .text            inited   0x8000'cb54     0x2  zf_common_vector.o [8]
      .text            inited   0x8000'cb56     0x2  zf_common_vector.o [8]
      .text            inited   0x8000'cb58     0x2  zf_common_vector.o [8]
      .text            inited   0x8000'cb5a     0x2  zf_common_vector.o [8]
      .text            inited   0x8000'cb5c     0x2  zf_common_vector.o [8]
      .text            inited   0x8000'cb5e     0x2  zf_common_vector.o [8]
      .text            inited   0x8000'cb60     0x2  zf_common_vector.o [8]
      .text            inited   0x8000'cb62     0x2  zf_common_vector.o [8]
      .text            inited   0x8000'cb64     0x2  zf_common_vector.o [8]
      .text            inited   0x8000'cb66     0x2  zf_common_vector.o [8]
      .text            inited   0x8000'cb68     0x2  zf_common_vector.o [8]
      .text            inited   0x8000'cb6a     0x2  zf_common_vector.o [8]
      .text            inited   0x8000'cb6c     0x2  zf_common_vector.o [8]
      .text            inited   0x8000'cb6e     0x2  zf_common_vector.o [8]
      .text            inited   0x8000'cb70     0x2  zf_common_vector.o [8]
      .text            inited   0x8000'cb72     0x2  zf_common_vector.o [8]
      .text            inited   0x8000'cb74     0x2  zf_common_vector.o [8]
      .text            inited   0x8000'cb76     0x2  zf_common_vector.o [8]
      .text            inited   0x8000'cb78     0x2  zf_common_vector.o [8]
      .text            inited   0x8000'cb7a     0x2  zf_common_vector.o [8]
      .text            inited   0x8000'cb7c     0x2  zf_common_vector.o [8]
      .text            inited   0x8000'cb7e     0x2  zf_common_vector.o [8]
      .text            inited   0x8000'cb80     0x2  zf_common_vector.o [8]
      .text            inited   0x8000'cb82     0x2  zf_common_vector.o [8]
      .text            inited   0x8000'cb84     0x2  zf_common_vector.o [8]
      .text            inited   0x8000'cb86     0x2  zf_common_vector.o [8]
      .text            inited   0x8000'cb88     0x2  zf_common_vector.o [8]
      .text            inited   0x8000'cb8a     0x2  zf_common_vector.o [8]
      .text            inited   0x8000'cb8c     0x2  zf_common_vector.o [8]
      .text            inited   0x8000'cb8e     0x2  zf_common_vector.o [8]
      .text            inited   0x8000'cb90     0x2  zf_common_vector.o [8]
      .text            inited   0x8000'cb92     0x2  zf_common_vector.o [8]
      .text            inited   0x8000'cb94     0x8  zf_common_vector.o [8]
      .text            inited   0x8000'cb9c     0x8  zf_common_vector.o [8]
      .text            inited   0x8000'cba4     0x8  zf_common_vector.o [8]
      .text            inited   0x8000'cbac     0x2  zf_common_vector.o [8]
      .text            inited   0x8000'cbae     0x8  zf_common_vector.o [8]
      .text            inited   0x8000'cbb6     0x2  zf_common_vector.o [8]
      .text            inited   0x8000'cbb8     0x2  zf_common_vector.o [8]
      .text            inited   0x8000'cbba     0x2  zf_common_vector.o [8]
      .text            inited   0x8000'cbbc     0x2  zf_common_vector.o [8]
      .text            inited   0x8000'cbbe     0xa  xsprout.o [12]
      .text            inited   0x8000'cbc8     0x4  exit.o [12]
      .text            inited   0x8000'cbcc   0x13c  xprintftiny.o [12]
                              - 0x8000'cd08  0xc908

Unused ranges:

         From           To        Size
         ----           --        ----
  0x2000'012b  0x2000'013f        0x15
  0x2000'f2c0  0x2006'efff    0x5'fd40
  0x7000'ad3c  0x703f'ffff   0x3f'52c4
  0x8000'0000  0x8000'03ff       0x400
  0x8000'cd08  0x81df'ffff  0x1df'32f8


*******************************************************************************
*** INIT TABLE
***

          Address      Size
          -------      ----
Zero (__iar_zero_init3)
    2 destination ranges, total size 0xf175:
          0x2000'0140  0x80f5
          0x2000'8240  0x7080

Copy/lz77 (__iar_lz77_init3)
    1 source range, total size 0x8354 (65% of destination):
          0x7000'290c  0x8354
    1 destination range, total size 0xc908:
          0x8000'0400  0xc908

Copy/lz77 (__iar_lz77_init3)
    1 source range, total size 0xdc (73% of destination):
          0x7000'ac60    0xdc
    1 destination range, total size 0x12b:
          0x2000'0000   0x12b



*******************************************************************************
*** MODULE SUMMARY
***

    Module                              ro code  rw code  ro data  rw data
    ------                              -------  -------  -------  -------
command line/config:
    ----------------------------------------------------------------------
    Total:

D:\All_Projects\IAR_Project\SmartCar_19h\project\iar\program\nor_sdram_zf_dtcm\Obj\code_17896468042025673432.dir: [1]
    Car_Mot_Ctrl.o                                 1'140      749      566
    Encoder.o                                        254      174      156
    Servo_CTRL.o                                     764      499        4
    Trace.o                                        2'016    1'380   31'740
    Usart.o                                          640      457       72
    sys_init.o                                       720      470        1
    ----------------------------------------------------------------------
    Total:                                         5'534    3'729   32'539

D:\All_Projects\IAR_Project\SmartCar_19h\project\iar\program\nor_sdram_zf_dtcm\Obj\components_fatfs_6246014242642884545.dir: [2]
    ----------------------------------------------------------------------
    Total:

D:\All_Projects\IAR_Project\SmartCar_19h\project\iar\program\nor_sdram_zf_dtcm\Obj\components_sdmmc_11335736203712880765.dir: [3]
    ----------------------------------------------------------------------
    Total:

D:\All_Projects\IAR_Project\SmartCar_19h\project\iar\program\nor_sdram_zf_dtcm\Obj\components_usb_17375887477349322284.dir: [4]
    usb_device_dci.o                                 374      244
    usb_device_ehci.o                              1'488      973
    ----------------------------------------------------------------------
    Total:                                         1'862    1'217

D:\All_Projects\IAR_Project\SmartCar_19h\project\iar\program\nor_sdram_zf_dtcm\Obj\sdk_device_3373403627085545761.dir: [5]
    board.o                                          684      447
    clock_config.o                                 1'784    1'247      124
    evkmimxrt1064_flexspi_nor_config.o                        512
    evkmimxrt1064_sdram_ini_dcd.o                           1'040
    fsl_assert.o                                      28       49       44
    fsl_debug_console.o                            2'860    1'869       20
    fsl_flexspi_nor_boot.o                                     48
    startup_MIMXRT1064.o                    108
    system_MIMXRT1064.o                     294                 3        4
    ----------------------------------------------------------------------
    Total:                                  402    5'356    5'215      192

D:\All_Projects\IAR_Project\SmartCar_19h\project\iar\program\nor_sdram_zf_dtcm\Obj\sdk_drivers_13454894214809048885.dir: [6]
    fsl_clock.o                                    2'080    1'430      116
    fsl_csi.o                                      1'640    1'238      264
    fsl_edma.o                                     1'232      880      244
    fsl_enet.o                                       336      314      192
    fsl_flexcan.o                                    164      204      168
    fsl_flexio.o                                     104       68       24
    fsl_gpio.o                                       534      542      296
    fsl_gpt.o                                        588      628      372
    fsl_lpi2c.o                                      148       97       48
    fsl_lpspi.o                                      244      272      200
    fsl_lpuart.o                                   1'372    1'171      460
    fsl_pit.o                                        356      390      242
    fsl_pwm.o                                      2'856    2'106      368
    fsl_qtmr.o                                       484      494      272
    fsl_sai.o                                        328      292      160
    fsl_spdif.o                                       72       47       16
    fsl_usdhc.o                                       56       45       28
    ----------------------------------------------------------------------
    Total:                                        12'594   10'218    3'470

D:\All_Projects\IAR_Project\SmartCar_19h\project\iar\program\nor_sdram_zf_dtcm\Obj\user_c_11930989646151335152.dir: [7]
    isr.o                                            596      389
    main.o                                           448      293       12
    ----------------------------------------------------------------------
    Total:                                         1'044      682       12

D:\All_Projects\IAR_Project\SmartCar_19h\project\iar\program\nor_sdram_zf_dtcm\Obj\zf_common_1201165462030747823.dir: [8]
    zf_common_clock.o                                 32       24        4
    zf_common_debug.o                              1'276      914      143
    zf_common_fifo.o                               1'052      739       80
    zf_common_interrupt.o                            196      128        4
    zf_common_vector.o                               578    1'402
    ----------------------------------------------------------------------
    Total:                                         3'134    3'207      231

D:\All_Projects\IAR_Project\SmartCar_19h\project\iar\program\nor_sdram_zf_dtcm\Obj\zf_components_14936052685886095442.dir: [9]
    ----------------------------------------------------------------------
    Total:

D:\All_Projects\IAR_Project\SmartCar_19h\project\iar\program\nor_sdram_zf_dtcm\Obj\zf_device_6570275422786408770.dir: [10]
    zf_device_camera.o                                28       18       32
    zf_device_mt9v03x.o                              952      770   29'024
    zf_device_type.o                                  44       43       21
    ----------------------------------------------------------------------
    Total:                                         1'024      831   29'077

D:\All_Projects\IAR_Project\SmartCar_19h\project\iar\program\nor_sdram_zf_dtcm\Obj\zf_driver_11922370083829174090.dir: [11]
    zf_driver_csi.o                                1'144      865      236
    zf_driver_delay.o                                260      243      112
    zf_driver_encoder.o                            1'470    1'029      104
    zf_driver_gpio.o                                 776      598      132
    zf_driver_pit.o                                  416      334       97
    zf_driver_pwm.o                                2'316    1'580      100
    zf_driver_soft_iic.o                           1'624    1'116       84
    zf_driver_uart.o                               1'524    1'075      116
    zf_driver_usb_cdc.o                               32       21       16
    ----------------------------------------------------------------------
    Total:                                         9'562    6'861      997

dl7M_tlf.a: [12]
    abort.o                                   6
    exit.o                                             4        3
    low_level_init.o                          4
    sprintf.o                                         64       43
    xprintftiny.o                                    316      207
    xsprout.o                                         10        6
    ----------------------------------------------------------------------
    Total:                                   10      394      259

m7M_tlv.a: [13]
    DblToS64.o                                       102       67
    S64ToDbl.o                                        84       56
    fmax.o                                            46       30
    fpinit_M.o                               34
    frexp.o                                          124       81
    iar_Exp64.o                                      704      461
    ldexp.o                                          240      157
    modf.o                                           158      103
    pow64.o                                        1'296    1'537    1'056
    ----------------------------------------------------------------------
    Total:                                   34    2'754    2'492    1'056

rt7M_tl.a: [14]
    ABImemcpy.o                                      166      109
    ABImemset.o                                      102       68
    I64DivMod.o                                      628      412
    I64DivZer.o                                        2        2
    cexit.o                                           10        6
    cmain.o                                  30
    cstartup_M.o                             28
    data_init.o                              40
    lz77_init.o                             504
    strlen.o                                          54       35
    vector_table_M.o                         64
    zero_init3.o                             56
    ----------------------------------------------------------------------
    Total:                                  722      962      632

shb_l.a: [15]
    exit.o                                   20
    ----------------------------------------------------------------------
    Total:                                   20

zf_device_config.a: [16]
    zf_device_config.o                             1'708    1'116       44
    ----------------------------------------------------------------------
    Total:                                         1'708    1'116       44

    Gaps                                      6       22        2
    Linker created                           16        8       85    4'096
--------------------------------------------------------------------------
    Grand Total:                          1'210   45'958   36'546   71'714


*******************************************************************************
*** ENTRY LIST
***

Entry                       Address    Size  Type      Object
-----                       -------    ----  ----      ------
.iar.init_table$$Base   0x7000'286c           --   Gb  - Linker created -
.iar.init_table$$Limit  0x7000'28bc           --   Gb  - Linker created -
?main                   0x7000'28cd          Code  Gb  cmain.o [14]
ACMP1_IRQHandler        0x8000'cb5b     0x2  Code  Wk  zf_common_vector.o [8]
ACMP2_IRQHandler        0x8000'cb5d     0x2  Code  Wk  zf_common_vector.o [8]
ACMP3_IRQHandler        0x8000'cb5f     0x2  Code  Wk  zf_common_vector.o [8]
ACMP4_IRQHandler        0x8000'cb61     0x2  Code  Wk  zf_common_vector.o [8]
ADC1_IRQHandler         0x8000'cacb     0x2  Code  Wk  zf_common_vector.o [8]
ADC2_IRQHandler         0x8000'cacd     0x2  Code  Wk  zf_common_vector.o [8]
ADC_ETC_ERROR_IRQ_IRQHandler
                        0x8000'cb59     0x2  Code  Wk  zf_common_vector.o [8]
ADC_ETC_IRQ0_IRQHandler
                        0x8000'cb53     0x2  Code  Wk  zf_common_vector.o [8]
ADC_ETC_IRQ1_IRQHandler
                        0x8000'cb55     0x2  Code  Wk  zf_common_vector.o [8]
ADC_ETC_IRQ2_IRQHandler
                        0x8000'cb57     0x2  Code  Wk  zf_common_vector.o [8]
ARM_MPU_Disable         0x8000'1999    0x1a  Code  Lc  board.o [5]
ARM_MPU_Enable          0x8000'197d    0x1c  Code  Lc  board.o [5]
Anal_Rec_Data           0x8000'7719   0x1cc  Code  Gb  Usart.o [1]
App_Init                0x8000'6c3d    0x24  Code  Gb  sys_init.o [1]
BEE_IRQHandler          0x8000'ca95     0x2  Code  Wk  zf_common_vector.o [8]
BOARD_BootClockRUN      0x8000'222d   0x43a  Code  Gb  clock_config.o [5]
BOARD_ConfigMPU         0x8000'1a53   0x154  Code  Gb  board.o [5]
BOARD_DebugConsoleSrcFreq
                        0x8000'1a19    0x3a  Code  Gb  board.o [5]
BOARD_InitBootClocks    0x8000'2225     0x8  Code  Gb  clock_config.o [5]
Both_Lost_Time          0x2000'7e7c     0x4  Data  Gb  Trace.o [1]
Boundry_Start_Left      0x2000'7e6c     0x4  Data  Gb  Trace.o [1]
Boundry_Start_Right     0x2000'7e70     0x4  Data  Gb  Trace.o [1]
BusFault_Handler        0x8000'c983     0x2  Code  Gb  zf_common_vector.o [8]
CAN1_DriverIRQHandler   0x8000'4885    0x2a  Code  Gb  fsl_flexcan.o [6]
CAN1_IRQHandler         0x8000'ca65     0x8  Code  Wk  zf_common_vector.o [8]
CAN2_DriverIRQHandler   0x8000'48af    0x2a  Code  Gb  fsl_flexcan.o [6]
CAN2_IRQHandler         0x8000'ca6d     0x8  Code  Wk  zf_common_vector.o [8]
CAN3_DriverIRQHandler   0x8000'48d9    0x2a  Code  Gb  fsl_flexcan.o [6]
CAN3_IRQHandler         0x8000'cba5     0x8  Code  Wk  zf_common_vector.o [8]
CAR_INIT                0x8000'6cdd    0x90  Code  Gb  sys_init.o [1]
CAR_PARAM_Init          0x8000'1c29    0x16  Code  Gb  Car_Mot_Ctrl.o [1]
CCM_1_IRQHandler        0x8000'cb05     0x2  Code  Wk  zf_common_vector.o [8]
CCM_2_IRQHandler        0x8000'cb07     0x2  Code  Wk  zf_common_vector.o [8]
CLOCK_ControlGate       0x8000'2189    0x50  Code  Lc  clock_config.o [5]
CLOCK_ControlGate       0x8000'3109    0x50  Code  Lc  fsl_csi.o [6]
CLOCK_ControlGate       0x8000'49a9    0x4a  Code  Lc  fsl_gpio.o [6]
CLOCK_ControlGate       0x8000'4bc1    0x4a  Code  Lc  fsl_gpt.o [6]
CLOCK_ControlGate       0x8000'4f95    0x50  Code  Lc  fsl_lpuart.o [6]
CLOCK_ControlGate       0x8000'54f1    0x4a  Code  Lc  fsl_pit.o [6]
CLOCK_ControlGate       0x8000'5655    0x50  Code  Lc  fsl_pwm.o [6]
CLOCK_ControlGate       0x8000'617d    0x4a  Code  Lc  fsl_qtmr.o [6]
CLOCK_DeinitAudioPll    0x8000'2c73     0xc  Code  Gb  fsl_clock.o [6]
CLOCK_DeinitEnetPll     0x8000'2c8b     0xc  Code  Gb  fsl_clock.o [6]
CLOCK_DeinitUsb2Pll     0x8000'2c69     0xa  Code  Gb  fsl_clock.o [6]
CLOCK_DeinitVideoPll    0x8000'2c7f     0xc  Code  Gb  fsl_clock.o [6]
CLOCK_DisableClock      0x8000'21d9    0x10  Code  Lc  clock_config.o [5]
CLOCK_DisableClock      0x8000'4c1b    0x10  Code  Lc  fsl_gpt.o [6]
CLOCK_DisableClock      0x8000'4ff5    0x10  Code  Lc  fsl_lpuart.o [6]
CLOCK_DisableClock      0x8000'554b    0x10  Code  Lc  fsl_pit.o [6]
CLOCK_DisableClock      0x8000'56b5    0x10  Code  Lc  fsl_pwm.o [6]
CLOCK_DisableClock      0x8000'61d7    0x10  Code  Lc  fsl_qtmr.o [6]
CLOCK_EnableClock       0x8000'3159    0x10  Code  Lc  fsl_csi.o [6]
CLOCK_EnableClock       0x8000'49f3    0x10  Code  Lc  fsl_gpio.o [6]
CLOCK_EnableClock       0x8000'4c0b    0x10  Code  Lc  fsl_gpt.o [6]
CLOCK_EnableClock       0x8000'4fe5    0x10  Code  Lc  fsl_lpuart.o [6]
CLOCK_EnableClock       0x8000'553b    0x10  Code  Lc  fsl_pit.o [6]
CLOCK_EnableClock       0x8000'56a5    0x10  Code  Lc  fsl_pwm.o [6]
CLOCK_EnableClock       0x8000'61c7    0x10  Code  Lc  fsl_qtmr.o [6]
CLOCK_GetAhbFreq        0x8000'2a5f    0x18  Code  Gb  fsl_clock.o [6]
CLOCK_GetDiv            0x8000'19dd    0x2a  Code  Lc  board.o [5]
CLOCK_GetFreq           0x8000'2ae7   0x142  Code  Gb  fsl_clock.o [6]
CLOCK_GetIpgFreq        0x8000'2aab    0x18  Code  Gb  fsl_clock.o [6]
CLOCK_GetMux            0x8000'19b3    0x2a  Code  Lc  board.o [5]
CLOCK_GetOscFreq        0x8000'1a07    0x12  Code  Lc  board.o [5]
CLOCK_GetOscFreq        0x8000'28b1    0x18  Code  Lc  fsl_clock.o [6]
CLOCK_GetPerClkFreq     0x8000'2ac3    0x24  Code  Gb  fsl_clock.o [6]
CLOCK_GetPeriphClkFreq  0x8000'2917    0xaa  Code  Lc  fsl_clock.o [6]
[...]
__exit                  0x7000'2641    0x14  Code  Gb  exit.o [15]
__iar_Exp64             0x8000'c539   0x250  Code  Gb  iar_Exp64.o [13]
__iar_Memset            0x8000'bb75          Code  Gb  ABImemset.o [14]
__iar_Memset_word       0x8000'bb7d          Code  Gb  ABImemset.o [14]
__iar_data_init3        0x7000'2821    0x28  Code  Gb  data_init.o [14]
__iar_fmax64            0x8000'ba9d          Code  Gb  fmax.o [13]
__iar_frexp             0x8000'c811          Code  Gb  frexp.o [13]
__iar_frexp64           0x8000'c7f9          Code  Gb  frexp.o [13]
__iar_frexpl            0x8000'c811          Code  Gb  frexp.o [13]
__iar_init_vfp          0x7000'2849          Code  Gb  fpinit_M.o [13]
__iar_ldexp64           0x8000'c875          Code  Gb  ldexp.o [13]
__iar_lz77_init3        0x7000'24bb   0x17e  Code  Gb  lz77_init.o [14]
__iar_modf              0x8000'bf1d          Code  Gb  modf.o [13]
__iar_modf64            0x8000'bf0d          Code  Gb  modf.o [13]
__iar_modfl             0x8000'bf1d          Code  Gb  modf.o [13]
__iar_pow64             0x8000'bfad   0x4c0  Code  Gb  pow64.o [13]
__iar_pow_medium        0x8000'bfad   0x4c0  Code  Gb  pow64.o [13]
__iar_pow_medium64      0x8000'bfad   0x4c0  Code  Gb  pow64.o [13]
__iar_pow_mediuml       0x8000'bfad   0x4c0  Code  Gb  pow64.o [13]
__iar_program_start     0x7000'28f1          Code  Gb  cstartup_M.o [14]
__iar_scalbln64         0x8000'c875          Code  Gb  ldexp.o [13]
__iar_scalbn64          0x8000'c875          Code  Gb  ldexp.o [13]
__iar_zero_init3        0x7000'27e9    0x38  Code  Gb  zero_init3.o [14]
__low_level_init        0x7000'28eb     0x4  Code  Gb  low_level_init.o [12]
__vector_table          0x7000'2400          Data  Gb  vector_table_M.o [14]
__zf_vector_table       0x7000'2000   0x400  Data  Gb  zf_common_vector.o [8]
_call_main              0x7000'28d9          Code  Gb  cmain.o [14]
_exit                   0x8000'c96d          Code  Gb  cexit.o [14]
abort                   0x7000'2639     0x6  Code  Gb  abort.o [12]
afio_init               0x8000'9a65    0x3c  Code  Gb  zf_driver_gpio.o [11]
armPllConfig_BOARD_BootClockRUN
                        0x8000'0894     0x8  Data  Gb  clock_config.o [5]
camera_fifo_init        0x8000'8a95    0x10  Code  Gb  zf_device_camera.o [10]
camera_init_finish_flag
                        0x2000'0127     0x1  Data  Gb  sys_init.o [1]
camera_receiver_buffer  0x2000'81a4     0x8  Data  Gb  zf_device_camera.o [10]
camera_receiver_fifo    0x2000'818c    0x18  Data  Gb  zf_device_camera.o [10]
camera_type             0x2000'8233     0x1  Data  Gb  zf_device_type.o [10]
camera_uart_handler     0x2000'0110     0x4  Data  Gb  zf_device_type.o [10]
cars_mot                0x2000'0140    0x40  Data  Gb  Car_Mot_Ctrl.o [1]
channel_list            0x2000'05c4     0x4  Data  Gb  Servo_CTRL.o [1]
clock_init              0x8000'8099    0x20  Code  Gb  zf_common_clock.o [8]
compensate_pid          0x2000'02d0    0xa0  Data  Gb  Car_Mot_Ctrl.o [1]
csi_add_empty_buffer    0x8000'90bb    0x12  Code  Gb  zf_driver_csi.o [11]
csi_get_full_buffer     0x8000'90cd    0x1c  Code  Gb  zf_driver_csi.o [11]
csi_handle              0x2000'81b0    0x38  Data  Gb  zf_driver_csi.o [11]
csi_init                0x8000'90f7   0x15e  Code  Gb  zf_driver_csi.o [11]
csi_iomuxc              0x8000'8f63   0x158  Code  Gb  zf_driver_csi.o [11]
csi_start               0x8000'90e9     0xe  Code  Gb  zf_driver_csi.o [11]
dcd_data                0x7000'1030   0x410  Data  Gb  evkmimxrt1064_sdram_ini_dcd.o [5]
debug_assert_handler    0x8000'84a5    0x46  Code  Gb  zf_common_debug.o [8]
debug_assert_handler{1}{2}::assert_nest_index
                        0x2000'8231     0x1  Data  Lc  zf_common_debug.o [8]
debug_delay             0x8000'80b9    0x38  Code  Lc  zf_common_debug.o [8]
debug_init              0x8000'855d    0x26  Code  Gb  zf_common_debug.o [8]
debug_log_handler       0x8000'84eb    0x28  Code  Gb  zf_common_debug.o [8]
debug_output            0x8000'81a3   0x302  Code  Lc  zf_common_debug.o [8]
debug_output_info       0x2000'8174    0x14  Data  Lc  zf_common_debug.o [8]
debug_output_init       0x8000'8533    0x2a  Code  Gb  zf_common_debug.o [8]
debug_output_struct_init
                        0x8000'8513    0x20  Code  Gb  zf_common_debug.o [8]
debug_protective_handler
                        0x8000'80f1    0xa4  Code  Lc  zf_common_debug.o [8]
debug_uart_str_output   0x8000'8195     0xe  Code  Lc  zf_common_debug.o [8]
encoder_channel1        0x2000'0100     0x4  Data  Gb  Encoder.o [1]
encoder_channel2        0x2000'0104     0x4  Data  Gb  Encoder.o [1]
encoder_clear_count     0x8000'97c5    0x2e  Code  Gb  zf_driver_encoder.o [11]
encoder_dir_init        0x8000'99b5    0x1a  Code  Gb  zf_driver_encoder.o [11]
encoder_get_count       0x8000'9795    0x30  Code  Gb  zf_driver_encoder.o [11]
encoder_kalman_filter_num
                        0x2000'0370    0x50  Data  Gb  Encoder.o [1]
encoder_num             0x2000'00fc     0x4  Data  Gb  Encoder.o [1]
encoder_quad_init       0x8000'97f3    0xfa  Code  Gb  zf_driver_encoder.o [11]
exit                    0x8000'cbc9     0x4  Code  Gb  exit.o [12]
fifo_clear              0x8000'8605    0x9e  Code  Gb  zf_common_fifo.o [8]
fifo_end_offset         0x8000'85dd    0x28  Code  Lc  zf_common_fifo.o [8]
fifo_head_offset        0x8000'85b5    0x28  Code  Lc  zf_common_fifo.o [8]
fifo_init               0x8000'8989    0x42  Code  Gb  zf_common_fifo.o [8]
fifo_read_buffer        0x8000'8761   0x228  Code  Gb  zf_common_fifo.o [8]
fifo_used               0x8000'86a3    0x26  Code  Gb  zf_common_fifo.o [8]
fifo_write_element      0x8000'86c9    0x98  Code  Gb  zf_common_fifo.o [8]
flash_time              0x2000'05bc     0x4  Data  Gb  main.o [7]
flexio_camera_vsync_handler
                        0x2000'0114     0x4  Data  Gb  zf_device_type.o [10]
fmax                    0x8000'ba9d          Code  Gb  fmax.o [13]
fmaxl                   0x8000'ba9d          Code  Gb  fmax.o [13]
frexp                   0x8000'c7f9          Code  Gb  frexp.o [13]
frexpl                  0x8000'c7f9          Code  Gb  frexp.o [13]
g_boot_data             0x7000'1020    0x10  Data  Gb  fsl_flexspi_nor_boot.o [5]
g_rtcXtalFreq           0x2000'0404     0x4  Data  Gb  fsl_clock.o [6]
g_xtalFreq              0x2000'0400     0x4  Data  Gb  fsl_clock.o [6]
gpio_get_level          0x8000'9ba1    0x1e  Code  Gb  zf_driver_gpio.o [11]
gpio_init               0x8000'9c43    0x6a  Code  Gb  zf_driver_gpio.o [11]
gpio_iomuxc             0x8000'9aa1    0xbe  Code  Gb  zf_driver_gpio.o [11]
gpio_set_dir            0x8000'9bdd    0x66  Code  Gb  zf_driver_gpio.o [11]
gpio_set_level          0x8000'9b5f    0x42  Code  Gb  zf_driver_gpio.o [11]
gpio_toggle_level       0x8000'9bbf    0x1e  Code  Gb  zf_driver_gpio.o [11]
image_01                0x2000'3e08  0x3840  Data  Gb  Trace.o [1]
image_ceshi             0x8000'6ef1    0x1c  Code  Gb  Trace.o [1]
image_vector_table      0x7000'1000    0x20  Data  Gb  fsl_flexspi_nor_boot.o [5]
image_yuanshi           0x2000'05c8  0x3840  Data  Gb  Trace.o [1]
interrupt_enable        0x8000'8a7d     0xe  Code  Gb  zf_common_interrupt.o [8]
interrupt_global_disable
                        0x8000'8a59    0x10  Code  Gb  zf_common_interrupt.o [8]
interrupt_global_enable
                        0x8000'8a3f    0x1a  Code  Gb  zf_common_interrupt.o [8]
interrupt_init          0x8000'8a8b     0xa  Code  Gb  zf_common_interrupt.o [8]
interrupt_nest_count    0x2000'8188     0x4  Data  Lc  zf_common_interrupt.o [8]
ldexp                   0x8000'c875          Code  Gb  ldexp.o [13]
ldexpl                  0x8000'c875          Code  Gb  ldexp.o [13]
lnbias                  0x8000'0400   0x420  Data  Lc  pow64.o [13]
m_boot_hdr_conf_start {Abs}
                        0x7000'0000          Data  Gb  <internal module>
main                    0x8000'6765    0x20  Code  Gb  main.o [7]
modf                    0x8000'bf0d          Code  Gb  modf.o [13]
modfl                   0x8000'bf0d          Code  Gb  modf.o [13]
motor_dir               0x2000'00f8     0x4  Data  Gb  Car_Mot_Ctrl.o [1]
mt9v03x_finish_flag     0x2000'8232     0x1  Data  Gb  zf_device_mt9v03x.o [10]
mt9v03x_finished_callback
                        0x8000'8ccd    0x4e  Code  Gb  zf_device_mt9v03x.o [10]
mt9v03x_get_config      0x8000'8b5f    0xce  Code  Lc  zf_device_mt9v03x.o [10]
mt9v03x_get_confing_buffer
                        0x2000'0088    0x24  Data  Lc  zf_device_mt9v03x.o [10]
mt9v03x_get_version     0x8000'8c2d    0x76  Code  Gb  zf_device_mt9v03x.o [10]
mt9v03x_h_blank         0x2000'8220     0x4  Data  Lc  zf_device_config.o [16]
mt9v03x_iic_inf_struct  0x2000'820c    0x10  Data  Lc  zf_device_config.o [16]
mt9v03x_image           0x2000'81ac     0x4  Data  Gb  zf_device_mt9v03x.o [10]
mt9v03x_image1          0x2000'8240  0x3840  Data  Gb  zf_device_mt9v03x.o [10]
mt9v03x_image2          0x2000'ba80  0x3840  Data  Gb  zf_device_mt9v03x.o [10]
mt9v03x_init            0x8000'8d1b   0x10e  Code  Gb  zf_device_mt9v03x.o [10]
mt9v03x_init_config     0x2000'81f8    0x14  Data  Lc  zf_device_config.o [16]
mt9v03x_read_word_sccb  0x8000'b41b    0x28  Code  Lc  zf_device_config.o [16]
mt9v03x_set_config      0x8000'8ab1    0xae  Code  Lc  zf_device_mt9v03x.o [10]
mt9v03x_set_config_sccb
                        0x8000'b443   0x646  Code  Gb  zf_device_config.o [16]
mt9v03x_set_confing_buffer
                        0x2000'0060    0x28  Data  Lc  zf_device_mt9v03x.o [10]
mt9v03x_type            0x2000'012a     0x1  Data  Lc  zf_device_mt9v03x.o [10]
mt9v03x_uart_callback   0x8000'8ca3    0x2a  Code  Lc  zf_device_mt9v03x.o [10]
mt9v03x_v_blank         0x2000'821c     0x4  Data  Lc  zf_device_config.o [16]
mt9v03x_version         0x2000'8224     0x2  Data  Lc  zf_device_mt9v03x.o [10]
mt9v03x_write_word_sccb
                        0x8000'b3f1    0x2a  Code  Lc  zf_device_config.o [16]
openart_recv_buffer     0x2000'8164     0x8  Data  Gb  Usart.o [1]
out                     0x8000'cbcd    0x18  Code  Lc  xprintftiny.o [12]
pid_ctrl                0x8000'1f29    0xa8  Code  Gb  Car_Mot_Ctrl.o [1]
pid_ctrl_trace          0x8000'1edd    0x4c  Code  Gb  Car_Mot_Ctrl.o [1]
pit_enable              0x8000'9de7    0x10  Code  Gb  zf_driver_pit.o [11]
pit_handler             0x8000'67d7    0x58  Code  Gb  main.o [7]
pit_handler_1           0x8000'682f    0x3c  Code  Gb  main.o [7]
pit_handler_2           0x8000'686b    0x14  Code  Gb  main.o [7]
pit_init                0x8000'9df7    0x68  Code  Gb  zf_driver_pit.o [11]
pit_init::init_flag     0x2000'8234     0x1  Data  Lc  zf_driver_pit.o [11]
pos_pids                0x2000'0230    0xa0  Data  Gb  Car_Mot_Ctrl.o [1]
pow                     0x8000'bfad   0x4c0  Code  Gb  pow64.o [13]
powl                    0x8000'bfad   0x4c0  Code  Gb  pow64.o [13]
pwm_init                0x8000'a421   0x222  Code  Gb  zf_driver_pwm.o [11]
pwm_iomuxc              0x8000'9ec5   0x49a  Code  Gb  zf_driver_pwm.o [11]
pwm_set_duty            0x8000'a35f    0xc2  Code  Gb  zf_driver_pwm.o [11]
qspiflash_config        0x7000'0000   0x200  Data  Gb  evkmimxrt1064_flexspi_nor_config.o [5]
qtimer_index            0x2000'00d0    0x14  Data  Gb  zf_driver_encoder.o [11]
qtimer_iomuxc           0x8000'9441   0x354  Code  Gb  zf_driver_encoder.o [11]
rx_finish               0x2000'8228     0x1  Data  Gb  main.o [7]
rx_num                  0x2000'8229     0x1  Data  Gb  main.o [7]
s_EDMAHandle            0x2000'0424    0x80  Data  Lc  fsl_edma.o [6]
s_ENETHandle            0x2000'04a4     0x8  Data  Lc  fsl_enet.o [6]
s_cdcVcom               0x2000'81e8    0x10  Data  Gb  zf_driver_usb_cdc.o [11]
s_csiBases              0x8000'0a2c     0x4  Data  Lc  fsl_csi.o [6]
s_csiClocks             0x8000'c976     0x2  Data  Lc  fsl_csi.o [6]
s_csiHandle             0x2000'0408     0x4  Data  Lc  fsl_csi.o [6]
s_csiIRQ                0x8000'c978     0x2  Data  Lc  fsl_csi.o [6]
s_csiIsr                0x2000'040c     0x4  Data  Lc  fsl_csi.o [6]
s_debugConsole          0x2000'0410    0x14  Data  Lc  fsl_debug_console.o [5]
s_enet1588TimerIsr      0x2000'04cc     0x8  Data  Lc  fsl_enet.o [6]
s_enetBases             0x8000'0b2c     0x8  Data  Lc  fsl_enet.o [6]
s_enetErrIsr            0x2000'04bc     0x8  Data  Lc  fsl_enet.o [6]
s_enetRxIsr             0x2000'04b4     0x8  Data  Lc  fsl_enet.o [6]
s_enetTsIsr             0x2000'04c4     0x8  Data  Lc  fsl_enet.o [6]
s_enetTxIsr             0x2000'04ac     0x8  Data  Lc  fsl_enet.o [6]
s_flexcanHandle         0x2000'04d4    0x10  Data  Lc  fsl_flexcan.o [6]
s_flexcanIsr            0x2000'04e4     0x4  Data  Lc  fsl_flexcan.o [6]
s_flexioHandle          0x2000'04e8     0x8  Data  Lc  fsl_flexio.o [6]
s_flexioIsr             0x2000'04f8     0x8  Data  Lc  fsl_flexio.o [6]
s_flexioType            0x2000'04f0     0x8  Data  Lc  fsl_flexio.o [6]
s_gpioBases             0x8000'0cb8    0x2c  Data  Lc  fsl_gpio.o [6]
s_gpioClock             0x8000'0ce4     0xc  Data  Lc  fsl_gpio.o [6]
s_gptBases              0x8000'0e50     0xc  Data  Lc  fsl_gpt.o [6]
s_gptClocks             0x8000'0e5c     0x8  Data  Lc  fsl_gpt.o [6]
s_lpi2cMasterHandle     0x2000'0504    0x14  Data  Gb  fsl_lpi2c.o [6]
s_lpi2cMasterIsr        0x2000'0500     0x4  Data  Gb  fsl_lpi2c.o [6]
s_lpi2cSlaveHandle      0x2000'051c    0x14  Data  Lc  fsl_lpi2c.o [6]
s_lpi2cSlaveIsr         0x2000'0518     0x4  Data  Lc  fsl_lpi2c.o [6]
s_lpspiHandle           0x2000'0530    0x14  Data  Lc  fsl_lpspi.o [6]
s_lpspiMasterIsr        0x2000'0544     0x4  Data  Lc  fsl_lpspi.o [6]
s_lpspiSlaveIsr         0x2000'0548     0x4  Data  Lc  fsl_lpspi.o [6]
s_lpuartBases           0x8000'107c    0x24  Data  Lc  fsl_lpuart.o [6]
s_lpuartClock           0x8000'10a0    0x14  Data  Lc  fsl_lpuart.o [6]
s_lpuartHandle          0x2000'054c    0x24  Data  Gb  fsl_lpuart.o [6]
s_lpuartIsr             0x2000'0570     0x4  Data  Gb  fsl_lpuart.o [6]
s_pitBases              0x8000'11a0     0x4  Data  Lc  fsl_pit.o [6]
s_pitClocks             0x8000'c97a     0x2  Data  Lc  fsl_pit.o [6]
s_pwmBases              0x8000'12d8    0x14  Data  Lc  fsl_pwm.o [6]
s_pwmClocks             0x8000'12ec    0x28  Data  Lc  fsl_pwm.o [6]
s_qtmrBases             0x8000'1404    0x14  Data  Lc  fsl_qtmr.o [6]
s_qtmrClocks            0x8000'1418     0xc  Data  Lc  fsl_qtmr.o [6]
s_saiHandle             0x2000'0574    0x20  Data  Lc  fsl_sai.o [6]
s_saiRxIsr              0x2000'0598     0x4  Data  Lc  fsl_sai.o [6]
s_saiTxIsr              0x2000'0594     0x4  Data  Lc  fsl_sai.o [6]
s_spdifHandle           0x2000'059c     0x8  Data  Lc  fsl_spdif.o [6]
s_spdifRxIsr            0x2000'05a8     0x4  Data  Lc  fsl_spdif.o [6]
s_spdifTxIsr            0x2000'05a4     0x4  Data  Lc  fsl_spdif.o [6]
s_usdhcBase             0x8000'149c     0xc  Data  Lc  fsl_usdhc.o [6]
s_usdhcHandle           0x2000'05ac     0xc  Data  Lc  fsl_usdhc.o [6]
s_usdhcIsr              0x2000'05b8     0x4  Data  Lc  fsl_usdhc.o [6]
scalbln                 0x8000'c875          Code  Gb  ldexp.o [13]
scalblnl                0x8000'c875          Code  Gb  ldexp.o [13]
scalbn                  0x8000'c875          Code  Gb  ldexp.o [13]
scalbnl                 0x8000'c875          Code  Gb  ldexp.o [13]
set_camera_type         0x8000'8e6b    0x1c  Code  Gb  zf_device_type.o [10]
setup_flag              0x2000'8227     0x1  Data  Gb  main.o [7]
soft_iic_init           0x8000'ad5d    0x7a  Code  Gb  zf_driver_soft_iic.o [11]
soft_iic_read_data      0x8000'ab81   0x11c  Code  Lc  zf_driver_soft_iic.o [11]
soft_iic_sccb_read_register
                        0x8000'acf1    0x6c  Code  Gb  zf_driver_soft_iic.o [11]
soft_iic_sccb_write_register
                        0x8000'aca5    0x4c  Code  Gb  zf_driver_soft_iic.o [11]
soft_iic_send_ack       0x8000'a8f9    0xce  Code  Lc  zf_driver_soft_iic.o [11]
soft_iic_send_data      0x8000'aa9b    0xe6  Code  Lc  zf_driver_soft_iic.o [11]
soft_iic_start          0x8000'a7b1    0xa4  Code  Lc  zf_driver_soft_iic.o [11]
soft_iic_stop           0x8000'a855    0xa4  Code  Lc  zf_driver_soft_iic.o [11]
soft_iic_wait_ack       0x8000'a9c7    0xd4  Code  Lc  zf_driver_soft_iic.o [11]
spd_pids                0x2000'0190    0xa0  Data  Gb  Car_Mot_Ctrl.o [1]
speed_step              0x2000'822a     0x1  Data  Gb  main.o [7]
speed_step_add          0x2000'05c0     0x4  Data  Gb  main.o [7]
sprintf                 0x8000'c4f5    0x40  Code  Gb  sprintf.o [12]
strlen                  0x8000'c4bd          Code  Gb  strlen.o [14]
sys_init_set            0x8000'6c21    0x1c  Code  Gb  sys_init.o [1]
system_clock            0x2000'010c     0x4  Data  Gb  zf_common_clock.o [8]
system_delay_init       0x8000'93d9    0x2c  Code  Gb  zf_driver_delay.o [11]
system_delay_ms         0x8000'935f    0x3e  Code  Gb  zf_driver_delay.o [11]
system_delay_us         0x8000'939d    0x3c  Code  Gb  zf_driver_delay.o [11]
tof_module_exti_handler
                        0x2000'0120     0x4  Data  Gb  zf_device_type.o [10]
type_default_callback   0x8000'8e69     0x2  Code  Gb  zf_device_type.o [10]
uart_index              0x2000'00ac    0x24  Data  Lc  zf_driver_uart.o [11]
uart_init               0x8000'b269    0x8e  Code  Gb  zf_driver_uart.o [11]
uart_iomuxc             0x8000'ae13   0x34a  Code  Gb  zf_driver_uart.o [11]
uart_query_byte         0x8000'b1f7    0x34  Code  Gb  zf_driver_uart.o [11]
uart_read_byte          0x8000'b1d1    0x26  Code  Gb  zf_driver_uart.o [11]
uart_rx_interrupt       0x8000'b22b    0x3e  Code  Gb  zf_driver_uart.o [11]
uart_write_buffer       0x8000'b185    0x2a  Code  Gb  zf_driver_uart.o [11]
uart_write_byte         0x8000'b15d    0x28  Code  Gb  zf_driver_uart.o [11]
uart_write_string       0x8000'b1af    0x22  Code  Gb  zf_driver_uart.o [11]
wireless_module_spi_handler
                        0x2000'011c     0x4  Data  Gb  zf_device_type.o [10]
wireless_module_uart_handler
                        0x2000'0118     0x4  Data  Gb  zf_device_type.o [10]
x_error                 0x2000'816c     0x4  Data  Gb  Usart.o [1]
y_error                 0x2000'8170     0x4  Data  Gb  Usart.o [1]
zf_debug_assert_enable  0x2000'0129     0x1  Data  Lc  zf_common_debug.o [8]
zf_debug_init_flag      0x2000'8230     0x1  Data  Lc  zf_common_debug.o [8]


[1] = D:\All_Projects\IAR_Project\SmartCar_19h\project\iar\program\nor_sdram_zf_dtcm\Obj\code_17896468042025673432.dir
[2] = D:\All_Projects\IAR_Project\SmartCar_19h\project\iar\program\nor_sdram_zf_dtcm\Obj\components_fatfs_6246014242642884545.dir
[3] = D:\All_Projects\IAR_Project\SmartCar_19h\project\iar\program\nor_sdram_zf_dtcm\Obj\components_sdmmc_11335736203712880765.dir
[4] = D:\All_Projects\IAR_Project\SmartCar_19h\project\iar\program\nor_sdram_zf_dtcm\Obj\components_usb_17375887477349322284.dir
[5] = D:\All_Projects\IAR_Project\SmartCar_19h\project\iar\program\nor_sdram_zf_dtcm\Obj\sdk_device_3373403627085545761.dir
[6] = D:\All_Projects\IAR_Project\SmartCar_19h\project\iar\program\nor_sdram_zf_dtcm\Obj\sdk_drivers_13454894214809048885.dir
[7] = D:\All_Projects\IAR_Project\SmartCar_19h\project\iar\program\nor_sdram_zf_dtcm\Obj\user_c_11930989646151335152.dir
[8] = D:\All_Projects\IAR_Project\SmartCar_19h\project\iar\program\nor_sdram_zf_dtcm\Obj\zf_common_1201165462030747823.dir
[9] = D:\All_Projects\IAR_Project\SmartCar_19h\project\iar\program\nor_sdram_zf_dtcm\Obj\zf_components_14936052685886095442.dir
[10] = D:\All_Projects\IAR_Project\SmartCar_19h\project\iar\program\nor_sdram_zf_dtcm\Obj\zf_device_6570275422786408770.dir
[11] = D:\All_Projects\IAR_Project\SmartCar_19h\project\iar\program\nor_sdram_zf_dtcm\Obj\zf_driver_11922370083829174090.dir
[12] = dl7M_tlf.a
[13] = m7M_tlv.a
[14] = rt7M_tl.a
[15] = shb_l.a
[16] = zf_device_config.a

   1'210 bytes of readonly  code memory
  45'958 bytes of readwrite code memory
  36'546 bytes of readonly  data memory
  71'714 bytes of readwrite data memory

Errors: none
Warnings: none
